<html>
<body>
<pre>
<h1>礦ision Build Log</h1>
<h2>Tool Versions:</h2>
IDE-Version: μVision V5.14.0.0
Copyright (C) 2015 ARM Ltd and ARM Germany GmbH. All rights reserved.
License Information: pang admin, null, LIC=9N0AE-5J106-F1WPT-RPXNP-HCEL8-5ZJF4
 
Tool Versions:
Toolchain:       MDK-ARM Professional  Version: 5.14.0.0
Toolchain Path:  D:\MDK5\Keil_v5\ARM\ARMCC\Bin
C Compiler:      Armcc.exe V5.05 update 1 (build 106)
Assembler:       Armasm.exe V5.05 update 1 (build 106)
Linker/Locator:  ArmLink.exe V5.05 update 1 (build 106)
Library Manager: ArmAr.exe V5.05 update 1 (build 106)
Hex Converter:   FromElf.exe V5.05 update 1 (build 106)
CPU DLL:         SARMCM3.DLL V5.14.0.0
Dialog DLL:      DARMSTM.DLL V1.65.0.0
Target DLL:      STLink\ST-LINKIII-KEIL_SWO.dll V2.0.14.0_KEIL
Dialog DLL:      TARMSTM.DLL V1.64.0.0
 
<h2>Project:</h2>
D:\QQPCmgr\Desktop\Homework\嵌入式系统\template\model1\template\USER\RTC.uvprojx
Project File Date:  09/03/2020

<h2>Output:</h2>
Build target 'RTC'
compiling myiic.c...
compiling main.c...
main.c(264): warning:  #940-D: missing return statement at end of non-void function "Key_Scan"
  }
main.c(1084): warning:  #940-D: missing return statement at end of non-void function "scan_key"
  }     
main.c(1092): warning:  #177-D: variable "key" was declared but never referenced
         int key=-1;
main.c: 3 warnings, 0 errors
compiling stm32f10x_it.c...
compiling system_stm32f10x.c...
compiling tpad.c...
compiling ctiic.c...
compiling ft5206.c...
compiling gt9147.c...
compiling ott2001a.c...
compiling touch.c...
compiling 24cxx.c...
compiling timer.c...
compiling adc.c...
compiling lsens.c...
compiling stm32f10x_adc.c...
compiling led.c...
compiling key.c...
compiling lcd.c...
compiling rtc.c...
compiling delay.c...
compiling sys.c...
compiling usart.c...
compiling core_cm3.c...
assembling startup_stm32f10x_hd.s...
compiling misc.c...
compiling stm32f10x_bkp.c...
compiling stm32f10x_fsmc.c...
compiling stm32f10x_gpio.c...
compiling stm32f10x_pwr.c...
compiling stm32f10x_rcc.c...
compiling stm32f10x_usart.c...
compiling stm32f10x_rtc.c...
compiling stm32f10x_tim.c...
compiling stm32f10x_flash.c...
compiling usmart.c...
compiling usmart_config.c...
compiling usmart_str.c...
linking...
Program Size: Code=62958 RO-data=7050 RW-data=636 ZI-data=1980  
FromELF: creating hex file...
"..\OBJ\RTC.axf" - 0 Error(s), 3 Warning(s).

<h2>Collection of Component include folders:</h2>
  D:\QQPCmgr\Desktop\Homework\嵌入式系统\template\model1\template\USER\RTE
  D:\MDK5\Keil_v5\ARM\PACK\Keil\STM32F1xx_DFP\1.0.5\Device\Include

<h2>Collection of Component Files used:</h2>
</pre>
</body>
</html>
