Component: ARM Compiler 5.05 update 1 (build 106) Tool: armlink [4d0efa]

==============================================================================

Section Cross References

    myiic.o(.text) refers to stm32f10x_rcc.o(.text) for RCC_APB2PeriphClockCmd
    myiic.o(.text) refers to stm32f10x_gpio.o(.text) for GPIO_Init
    myiic.o(.text) refers to delay.o(.text) for delay_us
    main.o(.text) refers to lcd.o(.text) for LCD_ShowString
    main.o(.text) refers to delay.o(.text) for delay_ms
    main.o(.text) refers to lcd.o(.data) for POINT_COLOR
    main.o(.text) refers to rtc.o(.bss) for calendar
    main.o(.text) refers to key.o(.text) for KEY_Scan
    main.o(.text) refers to stm32f10x_flash.o(.text) for FLASH_Unlock
    main.o(.text) refers to touch.o(.data) for tp_dev
    main.o(.text) refers to lcd.o(.bss) for lcddev
    main.o(.text) refers to main.o(.data) for x_start
    main.o(.text) refers to lsens.o(.text) for Lsens_Get_Val
    main.o(.text) refers to main.o(.bss) for input
    main.o(.text) refers to stm32f10x_rtc.o(.text) for RTC_ITConfig
    main.o(.text) refers to rtc.o(.text) for RTC_Set
    main.o(.text) refers to misc.o(.text) for NVIC_PriorityGroupConfig
    main.o(.text) refers to usart.o(.text) for uart_init
    main.o(.text) refers to led.o(.text) for LED_Init
    main.o(.text) refers to timer.o(.text) for TIM3_Int_Init
    main.o(.text) refers to system_stm32f10x.o(.data) for SystemCoreClock
    main.o(.text) refers to usmart_config.o(.data) for usmart_dev
    system_stm32f10x.o(.text) refers to system_stm32f10x.o(.data) for SystemCoreClock
    tpad.o(.text) refers to _printf_percent.o(.ARM.Collect$$_printf_percent$$00000000) for _printf_percent
    tpad.o(.text) refers to _printf_d.o(.ARM.Collect$$_printf_percent$$00000009) for _printf_d
    tpad.o(.text) refers to _printf_dec.o(.text) for _printf_int_dec
    tpad.o(.text) refers to stm32f10x_rcc.o(.text) for RCC_APB2PeriphClockCmd
    tpad.o(.text) refers to stm32f10x_gpio.o(.text) for GPIO_Init
    tpad.o(.text) refers to delay.o(.text) for delay_ms
    tpad.o(.text) refers to stm32f10x_tim.o(.text) for TIM_SetCounter
    tpad.o(.text) refers to noretval__2printf.o(.text) for __2printf
    tpad.o(.text) refers to tpad.o(.data) for tpad_default_val
    ctiic.o(.text) refers to delay.o(.text) for delay_us
    ctiic.o(.text) refers to stm32f10x_rcc.o(.text) for RCC_APB2PeriphClockCmd
    ctiic.o(.text) refers to stm32f10x_gpio.o(.text) for GPIO_Init
    ft5206.o(.text) refers to _printf_percent.o(.ARM.Collect$$_printf_percent$$00000000) for _printf_percent
    ft5206.o(.text) refers to _printf_x.o(.ARM.Collect$$_printf_percent$$0000000C) for _printf_x
    ft5206.o(.text) refers to _printf_hex_int.o(.text) for _printf_longlong_hex
    ft5206.o(.text) refers to ctiic.o(.text) for CT_IIC_Start
    ft5206.o(.text) refers to stm32f10x_rcc.o(.text) for RCC_APB2PeriphClockCmd
    ft5206.o(.text) refers to stm32f10x_gpio.o(.text) for GPIO_Init
    ft5206.o(.text) refers to delay.o(.text) for delay_ms
    ft5206.o(.text) refers to noretval__2printf.o(.text) for __2printf
    ft5206.o(.text) refers to ft5206.o(.data) for t
    ft5206.o(.text) refers to touch.o(.data) for tp_dev
    ft5206.o(.text) refers to ft5206.o(.constdata) for FT5206_TPX_TBL
    gt9147.o(.text) refers to _printf_percent.o(.ARM.Collect$$_printf_percent$$00000000) for _printf_percent
    gt9147.o(.text) refers to _printf_s.o(.ARM.Collect$$_printf_percent$$00000014) for _printf_s
    gt9147.o(.text) refers to _printf_str.o(.text) for _printf_str
    gt9147.o(.text) refers to _printf_d.o(.ARM.Collect$$_printf_percent$$00000009) for _printf_d
    gt9147.o(.text) refers to _printf_dec.o(.text) for _printf_int_dec
    gt9147.o(.text) refers to ctiic.o(.text) for CT_IIC_Start
    gt9147.o(.text) refers to stm32f10x_rcc.o(.text) for RCC_APB2PeriphClockCmd
    gt9147.o(.text) refers to stm32f10x_gpio.o(.text) for GPIO_Init
    gt9147.o(.text) refers to delay.o(.text) for delay_ms
    gt9147.o(.text) refers to noretval__2printf.o(.text) for __2printf
    gt9147.o(.text) refers to strcmpv7m.o(.text) for strcmp
    gt9147.o(.text) refers to gt9147.o(.constdata) for GT9147_CFG_TBL
    gt9147.o(.text) refers to gt9147.o(.data) for t
    gt9147.o(.text) refers to touch.o(.data) for tp_dev
    gt9147.o(.text) refers to lcd.o(.bss) for lcddev
    ott2001a.o(.text) refers to _printf_percent.o(.ARM.Collect$$_printf_percent$$00000000) for _printf_percent
    ott2001a.o(.text) refers to _printf_x.o(.ARM.Collect$$_printf_percent$$0000000C) for _printf_x
    ott2001a.o(.text) refers to _printf_hex_int.o(.text) for _printf_longlong_hex
    ott2001a.o(.text) refers to ctiic.o(.text) for CT_IIC_Start
    ott2001a.o(.text) refers to stm32f10x_rcc.o(.text) for RCC_APB2PeriphClockCmd
    ott2001a.o(.text) refers to stm32f10x_gpio.o(.text) for GPIO_Init
    ott2001a.o(.text) refers to delay.o(.text) for delay_ms
    ott2001a.o(.text) refers to noretval__2printf.o(.text) for __2printf
[...]
    __rt_lib_init_signal_1                   0x08000209   Thumb Code     0  libinit2.o(.ARM.Collect$$libinit$$0000001D)
    __rt_lib_init_stdio_1                    0x08000209   Thumb Code     0  libinit2.o(.ARM.Collect$$libinit$$00000025)
    __rt_lib_init_user_alloc_1               0x08000209   Thumb Code     0  libinit2.o(.ARM.Collect$$libinit$$0000000C)
    __rt_lib_shutdown                        0x0800020b   Thumb Code     0  libshutdown.o(.ARM.Collect$$libshutdown$$00000000)
    __rt_lib_shutdown_fp_trap_1              0x0800020d   Thumb Code     0  libshutdown2.o(.ARM.Collect$$libshutdown$$00000006)
    __rt_lib_shutdown_heap_1                 0x0800020d   Thumb Code     0  libshutdown2.o(.ARM.Collect$$libshutdown$$0000000E)
    __rt_lib_shutdown_return                 0x0800020d   Thumb Code     0  libshutdown2.o(.ARM.Collect$$libshutdown$$0000000F)
    __rt_lib_shutdown_signal_1               0x0800020d   Thumb Code     0  libshutdown2.o(.ARM.Collect$$libshutdown$$00000009)
    __rt_lib_shutdown_stdio_1                0x0800020d   Thumb Code     0  libshutdown2.o(.ARM.Collect$$libshutdown$$00000003)
    __rt_lib_shutdown_user_alloc_1           0x0800020d   Thumb Code     0  libshutdown2.o(.ARM.Collect$$libshutdown$$0000000B)
    __rt_entry                               0x0800020f   Thumb Code     0  __rtentry.o(.ARM.Collect$$rtentry$$00000000)
    __rt_entry_presh_1                       0x0800020f   Thumb Code     0  __rtentry2.o(.ARM.Collect$$rtentry$$00000002)
    __rt_entry_sh                            0x0800020f   Thumb Code     0  __rtentry4.o(.ARM.Collect$$rtentry$$00000004)
    __rt_entry_li                            0x08000215   Thumb Code     0  __rtentry2.o(.ARM.Collect$$rtentry$$0000000A)
    __rt_entry_postsh_1                      0x08000215   Thumb Code     0  __rtentry2.o(.ARM.Collect$$rtentry$$00000009)
    __rt_entry_main                          0x08000219   Thumb Code     0  __rtentry2.o(.ARM.Collect$$rtentry$$0000000D)
    __rt_entry_postli_1                      0x08000219   Thumb Code     0  __rtentry2.o(.ARM.Collect$$rtentry$$0000000C)
    __rt_exit                                0x08000221   Thumb Code     0  rtexit.o(.ARM.Collect$$rtexit$$00000000)
    __rt_exit_ls                             0x08000223   Thumb Code     0  rtexit2.o(.ARM.Collect$$rtexit$$00000003)
    __rt_exit_prels_1                        0x08000223   Thumb Code     0  rtexit2.o(.ARM.Collect$$rtexit$$00000002)
    __rt_exit_exit                           0x08000227   Thumb Code     0  rtexit2.o(.ARM.Collect$$rtexit$$00000004)
    IIC_Init                                 0x0800022d   Thumb Code    46  myiic.o(.text)
    IIC_Start                                0x0800025b   Thumb Code    64  myiic.o(.text)
    IIC_Stop                                 0x0800029b   Thumb Code    66  myiic.o(.text)
    IIC_Wait_Ack                             0x080002dd   Thumb Code    86  myiic.o(.text)
    IIC_Ack                                  0x08000333   Thumb Code    70  myiic.o(.text)
    IIC_NAck                                 0x08000379   Thumb Code    70  myiic.o(.text)
    IIC_Send_Byte                            0x080003bf   Thumb Code    92  myiic.o(.text)
    IIC_Read_Byte                            0x0800041b   Thumb Code   100  myiic.o(.text)
    initial_show                             0x0800048d   Thumb Code   602  main.o(.text)
    Key_show                                 0x080006e7   Thumb Code   674  main.o(.text)
    Key_Scan                                 0x08000989   Thumb Code   378  main.o(.text)
    Handle_Control                           0x08000b03   Thumb Code    84  main.o(.text)
    auto_time                                0x08000b57   Thumb Code  1080  main.o(.text)
    Auto_Control                             0x08000f8f   Thumb Code   246  main.o(.text)
    Lsens_Control                            0x08001085   Thumb Code   164  main.o(.text)
    light_show                               0x08001129   Thumb Code   426  main.o(.text)
    led_control                              0x080012d3   Thumb Code   198  main.o(.text)
    scan_key                                 0x08001399   Thumb Code  5816  main.o(.text)
    TIM3_IRQHandler                          0x08002a51   Thumb Code    24  main.o(.text)
    main                                     0x08002a69   Thumb Code    88  main.o(.text)
    NMI_Handler                              0x08002b35   Thumb Code     2  stm32f10x_it.o(.text)
    HardFault_Handler                        0x08002b37   Thumb Code     4  stm32f10x_it.o(.text)
    MemManage_Handler                        0x08002b3b   Thumb Code     4  stm32f10x_it.o(.text)
    BusFault_Handler                         0x08002b3f   Thumb Code     4  stm32f10x_it.o(.text)
    UsageFault_Handler                       0x08002b43   Thumb Code     4  stm32f10x_it.o(.text)
    SVC_Handler                              0x08002b47   Thumb Code     2  stm32f10x_it.o(.text)
    DebugMon_Handler                         0x08002b49   Thumb Code     2  stm32f10x_it.o(.text)
    PendSV_Handler                           0x08002b4b   Thumb Code     2  stm32f10x_it.o(.text)
    SysTick_Handler                          0x08002b4d   Thumb Code     2  stm32f10x_it.o(.text)
    SystemInit                               0x08002c2f   Thumb Code    78  system_stm32f10x.o(.text)
    SystemCoreClockUpdate                    0x08002c7d   Thumb Code   142  system_stm32f10x.o(.text)
    CT_Delay                                 0x08002d31   Thumb Code    10  ctiic.o(.text)
    CT_IIC_Init                              0x08002d3b   Thumb Code    72  ctiic.o(.text)
    CT_IIC_Start                             0x08002d83   Thumb Code    66  ctiic.o(.text)
    CT_IIC_Stop                              0x08002dc5   Thumb Code    60  ctiic.o(.text)
    CT_IIC_Wait_Ack                          0x08002e01   Thumb Code    86  ctiic.o(.text)
    CT_IIC_Ack                               0x08002e57   Thumb Code    70  ctiic.o(.text)
    CT_IIC_NAck                              0x08002e9d   Thumb Code    70  ctiic.o(.text)
    CT_IIC_Send_Byte                         0x08002ee3   Thumb Code    86  ctiic.o(.text)
    CT_IIC_Read_Byte                         0x08002f39   Thumb Code   100  ctiic.o(.text)
    FT5206_WR_Reg                            0x08002fb5   Thumb Code    82  ft5206.o(.text)
    FT5206_RD_Reg                            0x08003007   Thumb Code    88  ft5206.o(.text)
    FT5206_Init                              0x0800305f   Thumb Code   216  ft5206.o(.text)
    FT5206_Scan                              0x08003137   Thumb Code   400  ft5206.o(.text)
    GT9147_WR_Reg                            0x080032ed   Thumb Code    92  gt9147.o(.text)
    GT9147_Send_Cfg                          0x08003349   Thumb Code    86  gt9147.o(.text)
    GT9147_RD_Reg                            0x0800339f   Thumb Code    98  gt9147.o(.text)
    GT9147_Init                              0x08003401   Thumb Code   268  gt9147.o(.text)
    GT9147_Scan                              0x0800350d   Thumb Code   494  gt9147.o(.text)
    OTT2001A_WR_Reg                          0x08003745   Thumb Code    92  ott2001a.o(.text)
    OTT2001A_RD_Reg                          0x080037a1   Thumb Code    98  ott2001a.o(.text)
    OTT2001A_SensorControl                   0x08003803   Thumb Code    28  ott2001a.o(.text)
    OTT2001A_Init                            0x0800381f   Thumb Code   156  ott2001a.o(.text)
    OTT2001A_Scan                            0x080038bb   Thumb Code   446  ott2001a.o(.text)
    TP_Write_Byte                            0x08003ab1   Thumb Code    64  touch.o(.text)
    TP_Read_AD                               0x08003af1   Thumb Code   136  touch.o(.text)
    TP_Read_XOY                              0x08003b79   Thumb Code   120  touch.o(.text)
    TP_Read_XY                               0x08003bf1   Thumb Code    38  touch.o(.text)
    TP_Read_XY2                              0x08003c17   Thumb Code   192  touch.o(.text)
    TP_Drow_Touch_Point                      0x08003cd7   Thumb Code   108  touch.o(.text)
    TP_Draw_Big_Point                        0x08003d43   Thumb Code    54  touch.o(.text)
    TP_Scan                                  0x08003d79   Thumb Code   264  touch.o(.text)
    TP_Save_Adjdata                          0x08003e81   Thumb Code    24  touch.o(.text)
    TP_Get_Adjdata                           0x08003e99   Thumb Code   104  touch.o(.text)
    TP_Adj_Info_Show                         0x08003f01   Thumb Code   374  touch.o(.text)
    TP_Adjust                                0x08004077   Thumb Code  2128  touch.o(.text)
    TP_Init                                  0x080048c7   Thumb Code   330  touch.o(.text)
    AT24CXX_Init                             0x08004a65   Thumb Code     8  24cxx.o(.text)
    AT24CXX_ReadOneByte                      0x08004a6d   Thumb Code    88  24cxx.o(.text)
    AT24CXX_WriteOneByte                     0x08004ac5   Thumb Code    82  24cxx.o(.text)
    AT24CXX_Check                            0x08004b17   Thumb Code    46  24cxx.o(.text)
    AT24CXX_Read                             0x08004b45   Thumb Code    34  24cxx.o(.text)
    AT24CXX_Write                            0x08004b67   Thumb Code    36  24cxx.o(.text)
    TIM3_Int_Init                            0x08004b8d   Thumb Code    90  timer.o(.text)
    TIM4_Int_Init                            0x08004be7   Thumb Code    90  timer.o(.text)
    sendbyte                                 0x08004c41   Thumb Code    28  timer.o(.text)
    T_Adc_Init                               0x08004c69   Thumb Code   118  adc.o(.text)
    T_Get_Adc                                0x08004cdf   Thumb Code    46  adc.o(.text)
    T_Get_Temp                               0x08004d0d   Thumb Code    42  adc.o(.text)
    T_Get_Adc_Average                        0x08004d37   Thumb Code    46  adc.o(.text)
    Get_Temprate                             0x08004d65   Thumb Code   106  adc.o(.text)
    Adc3_Init                                0x08004dcf   Thumb Code   120  adc.o(.text)
    Get_Adc3                                 0x08004e47   Thumb Code    46  adc.o(.text)
    Lsens_Init                               0x08004e99   Thumb Code    38  lsens.o(.text)
    Lsens_Get_Val                            0x08004ebf   Thumb Code    60  lsens.o(.text)
    ADC_DeInit                               0x08004f01   Thumb Code    78  stm32f10x_adc.o(.text)
    ADC_Init                                 0x08004f4f   Thumb Code    70  stm32f10x_adc.o(.text)
    ADC_StructInit                           0x08004f95   Thumb Code    18  stm32f10x_adc.o(.text)
    ADC_Cmd                                  0x08004fa7   Thumb Code    22  stm32f10x_adc.o(.text)
    ADC_DMACmd                               0x08004fbd   Thumb Code    22  stm32f10x_adc.o(.text)
    ADC_ITConfig                             0x08004fd3   Thumb Code    24  stm32f10x_adc.o(.text)
    ADC_ResetCalibration                     0x08004feb   Thumb Code    10  stm32f10x_adc.o(.text)
    ADC_GetResetCalibrationStatus            0x08004ff5   Thumb Code    20  stm32f10x_adc.o(.text)
    ADC_StartCalibration                     0x08005009   Thumb Code    10  stm32f10x_adc.o(.text)
    ADC_GetCalibrationStatus                 0x08005013   Thumb Code    20  stm32f10x_adc.o(.text)
    ADC_SoftwareStartConvCmd                 0x08005027   Thumb Code    22  stm32f10x_adc.o(.text)
    ADC_GetSoftwareStartConvStatus           0x0800503d   Thumb Code    20  stm32f10x_adc.o(.text)
    ADC_DiscModeChannelCountConfig           0x08005051   Thumb Code    24  stm32f10x_adc.o(.text)
    ADC_DiscModeCmd                          0x08005069   Thumb Code    22  stm32f10x_adc.o(.text)
    ADC_RegularChannelConfig                 0x0800507f   Thumb Code   184  stm32f10x_adc.o(.text)
    ADC_ExternalTrigConvCmd                  0x08005137   Thumb Code    22  stm32f10x_adc.o(.text)
    ADC_GetConversionValue                   0x0800514d   Thumb Code     8  stm32f10x_adc.o(.text)
    ADC_GetDualModeConversionValue           0x08005155   Thumb Code     8  stm32f10x_adc.o(.text)
    ADC_AutoInjectedConvCmd                  0x0800515d   Thumb Code    22  stm32f10x_adc.o(.text)
    ADC_InjectedDiscModeCmd                  0x08005173   Thumb Code    22  stm32f10x_adc.o(.text)
    ADC_ExternalTrigInjectedConvConfig       0x08005189   Thumb Code    16  stm32f10x_adc.o(.text)
    ADC_ExternalTrigInjectedConvCmd          0x08005199   Thumb Code    22  stm32f10x_adc.o(.text)
    ADC_SoftwareStartInjectedConvCmd         0x080051af   Thumb Code    22  stm32f10x_adc.o(.text)
    ADC_GetSoftwareStartInjectedConvCmdStatus 0x080051c5   Thumb Code    20  stm32f10x_adc.o(.text)
    ADC_InjectedChannelConfig                0x080051d9   Thumb Code   130  stm32f10x_adc.o(.text)
    ADC_InjectedSequencerLengthConfig        0x0800525b   Thumb Code    24  stm32f10x_adc.o(.text)
    ADC_SetInjectedOffset                    0x08005273   Thumb Code    20  stm32f10x_adc.o(.text)
    ADC_GetInjectedConversionValue           0x08005287   Thumb Code    28  stm32f10x_adc.o(.text)
    ADC_AnalogWatchdogCmd                    0x080052a3   Thumb Code    16  stm32f10x_adc.o(.text)
    ADC_AnalogWatchdogThresholdsConfig       0x080052b3   Thumb Code     6  stm32f10x_adc.o(.text)
    ADC_AnalogWatchdogSingleChannelConfig    0x080052b9   Thumb Code    16  stm32f10x_adc.o(.text)
    ADC_TempSensorVrefintCmd                 0x080052c9   Thumb Code    64  stm32f10x_adc.o(.text)
    ADC_GetFlagStatus                        0x08005309   Thumb Code    18  stm32f10x_adc.o(.text)
    ADC_ClearFlag                            0x0800531b   Thumb Code     6  stm32f10x_adc.o(.text)
    ADC_GetITStatus                          0x08005321   Thumb Code    36  stm32f10x_adc.o(.text)
    ADC_ClearITPendingBit                    0x08005345   Thumb Code    10  stm32f10x_adc.o(.text)
    LED_Init                                 0x08005351   Thumb Code    68  led.o(.text)
    KEY_Init                                 0x0800539d   Thumb Code    52  key.o(.text)
    KEY_Scan                                 0x080053d1   Thumb Code   188  key.o(.text)
    LCD_WR_REG                               0x08005499   Thumb Code     6  lcd.o(.text)
    LCD_WR_DATA                              0x0800549f   Thumb Code     8  lcd.o(.text)
    LCD_RD_DATA                              0x080054a7   Thumb Code    16  lcd.o(.text)
    LCD_WriteReg                             0x080054b7   Thumb Code    10  lcd.o(.text)
    LCD_ReadReg                              0x080054c1   Thumb Code    22  lcd.o(.text)
    LCD_WriteRAM_Prepare                     0x080054d7   Thumb Code    10  lcd.o(.text)
    LCD_WriteRAM                             0x080054e1   Thumb Code     8  lcd.o(.text)
    LCD_BGR2RGB                              0x080054e9   Thumb Code    26  lcd.o(.text)
    opt_delay                                0x08005503   Thumb Code    14  lcd.o(.text)
    LCD_SetCursor                            0x08005511   Thumb Code   418  lcd.o(.text)
    LCD_ReadPoint                            0x080056b3   Thumb Code   360  lcd.o(.text)
    LCD_DisplayOn                            0x0800581b   Thumb Code   102  lcd.o(.text)
    LCD_DisplayOff                           0x08005881   Thumb Code    90  lcd.o(.text)
    LCD_Scan_Dir                             0x080058db   Thumb Code   744  lcd.o(.text)
    LCD_DrawPoint                            0x08005bc3   Thumb Code    28  lcd.o(.text)
    LCD_Fast_DrawPoint                       0x08005bdf   Thumb Code   384  lcd.o(.text)
    LCD_SSD_BackLightSet                     0x08005d5f   Thumb Code    80  lcd.o(.text)
    LCD_Display_Dir                          0x08005daf   Thumb Code   444  lcd.o(.text)
    LCD_Set_Window                           0x08005f6b   Thumb Code   540  lcd.o(.text)
    LCD_Clear                                0x08006187   Thumb Code   100  lcd.o(.text)
    LCD_Init                                 0x080061eb   Thumb Code 14190  lcd.o(.text)
    LCD_Fill                                 0x08009959   Thumb Code   178  lcd.o(.text)
    LCD_Color_Fill                           0x08009a0b   Thumb Code   106  lcd.o(.text)
    LCD_DrawLine                             0x08009a75   Thumb Code   176  lcd.o(.text)
    LCD_DrawRectangle                        0x08009b25   Thumb Code    60  lcd.o(.text)
    LCD_Draw_Circle                          0x08009b61   Thumb Code   152  lcd.o(.text)
    LCD_ShowChar                             0x08009bf9   Thumb Code   272  lcd.o(.text)
    LCD_Pow                                  0x08009d09   Thumb Code    22  lcd.o(.text)
    LCD_ShowNum                              0x08009d1f   Thumb Code   148  lcd.o(.text)
    LCD_ShowxNum                             0x08009db3   Thumb Code   220  lcd.o(.text)
    LCD_ShowString                           0x08009e8f   Thumb Code   102  lcd.o(.text)
    RTC_Get_Week                             0x08009f15   Thumb Code   116  rtc.o(.text)
    Is_Leap_Year                             0x08009f89   Thumb Code    58  rtc.o(.text)
    RTC_Get                                  0x08009fc3   Thumb Code   240  rtc.o(.text)
    RTC_Set                                  0x0800a0b3   Thumb Code   184  rtc.o(.text)
    RTC_Init                                 0x0800a16b   Thumb Code   192  rtc.o(.text)
    RTC_IRQHandler                           0x0800a22b   Thumb Code    76  rtc.o(.text)
    RTC_Alarm_Set                            0x0800a277   Thumb Code   184  rtc.o(.text)
    delay_init                               0x0800a36d   Thumb Code    50  delay.o(.text)
    delay_us                                 0x0800a39f   Thumb Code    72  delay.o(.text)
    delay_ms                                 0x0800a3e7   Thumb Code    72  delay.o(.text)
    _sys_exit                                0x0800a441   Thumb Code     6  usart.o(.text)
    fputc                                    0x0800a447   Thumb Code    24  usart.o(.text)
    uart_init                                0x0800a45f   Thumb Code   152  usart.o(.text)
    USART1_IRQHandler                        0x0800a4f7   Thumb Code   122  usart.o(.text)
    Reset_Handler                            0x0800a581   Thumb Code     8  startup_stm32f10x_hd.o(.text)
    ADC1_2_IRQHandler                        0x0800a59b   Thumb Code     0  startup_stm32f10x_hd.o(.text)
    ADC3_IRQHandler                          0x0800a59b   Thumb Code     0  startup_stm32f10x_hd.o(.text)
    CAN1_RX1_IRQHandler                      0x0800a59b   Thumb Code     0  startup_stm32f10x_hd.o(.text)
    CAN1_SCE_IRQHandler                      0x0800a59b   Thumb Code     0  startup_stm32f10x_hd.o(.text)
    DMA1_Channel1_IRQHandler                 0x0800a59b   Thumb Code     0  startup_stm32f10x_hd.o(.text)
    DMA1_Channel2_IRQHandler                 0x0800a59b   Thumb Code     0  startup_stm32f10x_hd.o(.text)
    DMA1_Channel3_IRQHandler                 0x0800a59b   Thumb Code     0  startup_stm32f10x_hd.o(.text)
    DMA1_Channel4_IRQHandler                 0x0800a59b   Thumb Code     0  startup_stm32f10x_hd.o(.text)
    DMA1_Channel5_IRQHandler                 0x0800a59b   Thumb Code     0  startup_stm32f10x_hd.o(.text)
    DMA1_Channel6_IRQHandler                 0x0800a59b   Thumb Code     0  startup_stm32f10x_hd.o(.text)
    DMA1_Channel7_IRQHandler                 0x0800a59b   Thumb Code     0  startup_stm32f10x_hd.o(.text)
    DMA2_Channel1_IRQHandler                 0x0800a59b   Thumb Code     0  startup_stm32f10x_hd.o(.text)
    DMA2_Channel2_IRQHandler                 0x0800a59b   Thumb Code     0  startup_stm32f10x_hd.o(.text)
    DMA2_Channel3_IRQHandler                 0x0800a59b   Thumb Code     0  startup_stm32f10x_hd.o(.text)
    DMA2_Channel4_5_IRQHandler               0x0800a59b   Thumb Code     0  startup_stm32f10x_hd.o(.text)
    EXTI0_IRQHandler                         0x0800a59b   Thumb Code     0  startup_stm32f10x_hd.o(.text)
    EXTI15_10_IRQHandler                     0x0800a59b   Thumb Code     0  startup_stm32f10x_hd.o(.text)
    EXTI1_IRQHandler                         0x0800a59b   Thumb Code     0  startup_stm32f10x_hd.o(.text)
    EXTI2_IRQHandler                         0x0800a59b   Thumb Code     0  startup_stm32f10x_hd.o(.text)
    EXTI3_IRQHandler                         0x0800a59b   Thumb Code     0  startup_stm32f10x_hd.o(.text)
    EXTI4_IRQHandler                         0x0800a59b   Thumb Code     0  startup_stm32f10x_hd.o(.text)
    EXTI9_5_IRQHandler                       0x0800a59b   Thumb Code     0  startup_stm32f10x_hd.o(.text)
    FLASH_IRQHandler                         0x0800a59b   Thumb Code     0  startup_stm32f10x_hd.o(.text)
    FSMC_IRQHandler                          0x0800a59b   Thumb Code     0  startup_stm32f10x_hd.o(.text)
    I2C1_ER_IRQHandler                       0x0800a59b   Thumb Code     0  startup_stm32f10x_hd.o(.text)
    I2C1_EV_IRQHandler                       0x0800a59b   Thumb Code     0  startup_stm32f10x_hd.o(.text)
    I2C2_ER_IRQHandler                       0x0800a59b   Thumb Code     0  startup_stm32f10x_hd.o(.text)
    I2C2_EV_IRQHandler                       0x0800a59b   Thumb Code     0  startup_stm32f10x_hd.o(.text)
    PVD_IRQHandler                           0x0800a59b   Thumb Code     0  startup_stm32f10x_hd.o(.text)
    RCC_IRQHandler                           0x0800a59b   Thumb Code     0  startup_stm32f10x_hd.o(.text)
    RTCAlarm_IRQHandler                      0x0800a59b   Thumb Code     0  startup_stm32f10x_hd.o(.text)
    SDIO_IRQHandler                          0x0800a59b   Thumb Code     0  startup_stm32f10x_hd.o(.text)
    SPI1_IRQHandler                          0x0800a59b   Thumb Code     0  startup_stm32f10x_hd.o(.text)
    SPI2_IRQHandler                          0x0800a59b   Thumb Code     0  startup_stm32f10x_hd.o(.text)
    SPI3_IRQHandler                          0x0800a59b   Thumb Code     0  startup_stm32f10x_hd.o(.text)
    TAMPER_IRQHandler                        0x0800a59b   Thumb Code     0  startup_stm32f10x_hd.o(.text)
    TIM1_BRK_IRQHandler                      0x0800a59b   Thumb Code     0  startup_stm32f10x_hd.o(.text)
    TIM1_CC_IRQHandler                       0x0800a59b   Thumb Code     0  startup_stm32f10x_hd.o(.text)
    TIM1_TRG_COM_IRQHandler                  0x0800a59b   Thumb Code     0  startup_stm32f10x_hd.o(.text)
    TIM1_UP_IRQHandler                       0x0800a59b   Thumb Code     0  startup_stm32f10x_hd.o(.text)
    TIM2_IRQHandler                          0x0800a59b   Thumb Code     0  startup_stm32f10x_hd.o(.text)
    TIM5_IRQHandler                          0x0800a59b   Thumb Code     0  startup_stm32f10x_hd.o(.text)
    TIM6_IRQHandler                          0x0800a59b   Thumb Code     0  startup_stm32f10x_hd.o(.text)
    TIM7_IRQHandler                          0x0800a59b   Thumb Code     0  startup_stm32f10x_hd.o(.text)
    TIM8_BRK_IRQHandler                      0x0800a59b   Thumb Code     0  startup_stm32f10x_hd.o(.text)
    TIM8_CC_IRQHandler                       0x0800a59b   Thumb Code     0  startup_stm32f10x_hd.o(.text)
    TIM8_TRG_COM_IRQHandler                  0x0800a59b   Thumb Code     0  startup_stm32f10x_hd.o(.text)
    TIM8_UP_IRQHandler                       0x0800a59b   Thumb Code     0  startup_stm32f10x_hd.o(.text)
    UART4_IRQHandler                         0x0800a59b   Thumb Code     0  startup_stm32f10x_hd.o(.text)
    UART5_IRQHandler                         0x0800a59b   Thumb Code     0  startup_stm32f10x_hd.o(.text)
    USART2_IRQHandler                        0x0800a59b   Thumb Code     0  startup_stm32f10x_hd.o(.text)
    USART3_IRQHandler                        0x0800a59b   Thumb Code     0  startup_stm32f10x_hd.o(.text)
    USBWakeUp_IRQHandler                     0x0800a59b   Thumb Code     0  startup_stm32f10x_hd.o(.text)
    USB_HP_CAN1_TX_IRQHandler                0x0800a59b   Thumb Code     0  startup_stm32f10x_hd.o(.text)
    USB_LP_CAN1_RX0_IRQHandler               0x0800a59b   Thumb Code     0  startup_stm32f10x_hd.o(.text)
    WWDG_IRQHandler                          0x0800a59b   Thumb Code     0  startup_stm32f10x_hd.o(.text)
    __user_initial_stackheap                 0x0800a59d   Thumb Code     0  startup_stm32f10x_hd.o(.text)
    NVIC_PriorityGroupConfig                 0x0800a5c1   Thumb Code    10  misc.o(.text)
    NVIC_Init                                0x0800a5cb   Thumb Code   100  misc.o(.text)
    NVIC_SetVectorTable                      0x0800a62f   Thumb Code    14  misc.o(.text)
    NVIC_SystemLPConfig                      0x0800a63d   Thumb Code    34  misc.o(.text)
    SysTick_CLKSourceConfig                  0x0800a65f   Thumb Code    40  misc.o(.text)
    BKP_DeInit                               0x0800a69d   Thumb Code    16  stm32f10x_bkp.o(.text)
    BKP_TamperPinLevelConfig                 0x0800a6ad   Thumb Code     6  stm32f10x_bkp.o(.text)
    BKP_TamperPinCmd                         0x0800a6b3   Thumb Code     8  stm32f10x_bkp.o(.text)
    BKP_ITConfig                             0x0800a6bb   Thumb Code     8  stm32f10x_bkp.o(.text)
    BKP_RTCOutputConfig                      0x0800a6c3   Thumb Code    22  stm32f10x_bkp.o(.text)
    BKP_SetRTCCalibrationValue               0x0800a6d9   Thumb Code    22  stm32f10x_bkp.o(.text)
    BKP_WriteBackupRegister                  0x0800a6ef   Thumb Code    24  stm32f10x_bkp.o(.text)
    BKP_ReadBackupRegister                   0x0800a707   Thumb Code    26  stm32f10x_bkp.o(.text)
    BKP_GetFlagStatus                        0x0800a721   Thumb Code    10  stm32f10x_bkp.o(.text)
    BKP_ClearFlag                            0x0800a72b   Thumb Code    18  stm32f10x_bkp.o(.text)
    BKP_GetITStatus                          0x0800a73d   Thumb Code    10  stm32f10x_bkp.o(.text)
    BKP_ClearITPendingBit                    0x0800a747   Thumb Code    18  stm32f10x_bkp.o(.text)
    FSMC_NORSRAMDeInit                       0x0800a761   Thumb Code    54  stm32f10x_fsmc.o(.text)
    FSMC_NANDDeInit                          0x0800a797   Thumb Code    62  stm32f10x_fsmc.o(.text)
    FSMC_PCCARDDeInit                        0x0800a7d5   Thumb Code    36  stm32f10x_fsmc.o(.text)
    FSMC_NORSRAMInit                         0x0800a7f9   Thumb Code   230  stm32f10x_fsmc.o(.text)
    FSMC_NANDInit                            0x0800a8df   Thumb Code   132  stm32f10x_fsmc.o(.text)
    FSMC_PCCARDInit                          0x0800a963   Thumb Code   130  stm32f10x_fsmc.o(.text)
    FSMC_NORSRAMStructInit                   0x0800a9e5   Thumb Code   114  stm32f10x_fsmc.o(.text)
    FSMC_NANDStructInit                      0x0800aa57   Thumb Code    54  stm32f10x_fsmc.o(.text)
    FSMC_PCCARDStructInit                    0x0800aa8d   Thumb Code    60  stm32f10x_fsmc.o(.text)
    FSMC_NORSRAMCmd                          0x0800aac9   Thumb Code    46  stm32f10x_fsmc.o(.text)
    FSMC_NANDCmd                             0x0800aaf7   Thumb Code    86  stm32f10x_fsmc.o(.text)
    FSMC_PCCARDCmd                           0x0800ab4d   Thumb Code    44  stm32f10x_fsmc.o(.text)
    FSMC_NANDECCCmd                          0x0800ab79   Thumb Code    90  stm32f10x_fsmc.o(.text)
    FSMC_GetECC                              0x0800abd3   Thumb Code    24  stm32f10x_fsmc.o(.text)
    FSMC_ITConfig                            0x0800abeb   Thumb Code   128  stm32f10x_fsmc.o(.text)
    FSMC_GetFlagStatus                       0x0800ac6b   Thumb Code    54  stm32f10x_fsmc.o(.text)
    FSMC_ClearFlag                           0x0800aca1   Thumb Code    62  stm32f10x_fsmc.o(.text)
    FSMC_GetITStatus                         0x0800acdf   Thumb Code    64  stm32f10x_fsmc.o(.text)
    FSMC_ClearITPendingBit                   0x0800ad1f   Thumb Code    68  stm32f10x_fsmc.o(.text)
    GPIO_DeInit                              0x0800ad6d   Thumb Code   172  stm32f10x_gpio.o(.text)
    GPIO_AFIODeInit                          0x0800ae19   Thumb Code    20  stm32f10x_gpio.o(.text)
    GPIO_Init                                0x0800ae2d   Thumb Code   278  stm32f10x_gpio.o(.text)
    GPIO_StructInit                          0x0800af43   Thumb Code    16  stm32f10x_gpio.o(.text)
    GPIO_ReadInputDataBit                    0x0800af53   Thumb Code    18  stm32f10x_gpio.o(.text)
    GPIO_ReadInputData                       0x0800af65   Thumb Code     8  stm32f10x_gpio.o(.text)
    GPIO_ReadOutputDataBit                   0x0800af6d   Thumb Code    18  stm32f10x_gpio.o(.text)
    GPIO_ReadOutputData                      0x0800af7f   Thumb Code     8  stm32f10x_gpio.o(.text)
    GPIO_SetBits                             0x0800af87   Thumb Code     4  stm32f10x_gpio.o(.text)
    GPIO_ResetBits                           0x0800af8b   Thumb Code     4  stm32f10x_gpio.o(.text)
    GPIO_WriteBit                            0x0800af8f   Thumb Code    10  stm32f10x_gpio.o(.text)
    GPIO_Write                               0x0800af99   Thumb Code     4  stm32f10x_gpio.o(.text)
    GPIO_PinLockConfig                       0x0800af9d   Thumb Code    18  stm32f10x_gpio.o(.text)
    GPIO_EventOutputConfig                   0x0800afaf   Thumb Code    26  stm32f10x_gpio.o(.text)
    GPIO_EventOutputCmd                      0x0800afc9   Thumb Code     6  stm32f10x_gpio.o(.text)
    GPIO_PinRemapConfig                      0x0800afcf   Thumb Code   138  stm32f10x_gpio.o(.text)
    GPIO_EXTILineConfig                      0x0800b059   Thumb Code    66  stm32f10x_gpio.o(.text)
    GPIO_ETH_MediaInterfaceConfig            0x0800b09b   Thumb Code     8  stm32f10x_gpio.o(.text)
    PWR_DeInit                               0x0800b0c9   Thumb Code    22  stm32f10x_pwr.o(.text)
    PWR_BackupAccessCmd                      0x0800b0df   Thumb Code     6  stm32f10x_pwr.o(.text)
    PWR_PVDCmd                               0x0800b0e5   Thumb Code     6  stm32f10x_pwr.o(.text)
    PWR_PVDLevelConfig                       0x0800b0eb   Thumb Code    18  stm32f10x_pwr.o(.text)
    PWR_WakeUpPinCmd                         0x0800b0fd   Thumb Code     8  stm32f10x_pwr.o(.text)
    PWR_EnterSTOPMode                        0x0800b105   Thumb Code    54  stm32f10x_pwr.o(.text)
    PWR_EnterSTANDBYMode                     0x0800b13b   Thumb Code    42  stm32f10x_pwr.o(.text)
    PWR_GetFlagStatus                        0x0800b165   Thumb Code    20  stm32f10x_pwr.o(.text)
    PWR_ClearFlag                            0x0800b179   Thumb Code    14  stm32f10x_pwr.o(.text)
    RCC_DeInit                               0x0800b195   Thumb Code    64  stm32f10x_rcc.o(.text)
    RCC_HSEConfig                            0x0800b1d5   Thumb Code    70  stm32f10x_rcc.o(.text)
    RCC_GetFlagStatus                        0x0800b21b   Thumb Code    56  stm32f10x_rcc.o(.text)
    RCC_WaitForHSEStartUp                    0x0800b253   Thumb Code    56  stm32f10x_rcc.o(.text)
    RCC_AdjustHSICalibrationValue            0x0800b28b   Thumb Code    20  stm32f10x_rcc.o(.text)
    RCC_HSICmd                               0x0800b29f   Thumb Code     6  stm32f10x_rcc.o(.text)
    RCC_PLLConfig                            0x0800b2a5   Thumb Code    24  stm32f10x_rcc.o(.text)
    RCC_PLLCmd                               0x0800b2bd   Thumb Code     6  stm32f10x_rcc.o(.text)
    RCC_SYSCLKConfig                         0x0800b2c3   Thumb Code    18  stm32f10x_rcc.o(.text)
    RCC_GetSYSCLKSource                      0x0800b2d5   Thumb Code    10  stm32f10x_rcc.o(.text)
    RCC_HCLKConfig                           0x0800b2df   Thumb Code    18  stm32f10x_rcc.o(.text)
    RCC_PCLK1Config                          0x0800b2f1   Thumb Code    18  stm32f10x_rcc.o(.text)
    RCC_PCLK2Config                          0x0800b303   Thumb Code    20  stm32f10x_rcc.o(.text)
    RCC_ITConfig                             0x0800b317   Thumb Code    26  stm32f10x_rcc.o(.text)
    RCC_USBCLKConfig                         0x0800b331   Thumb Code     8  stm32f10x_rcc.o(.text)
    RCC_ADCCLKConfig                         0x0800b339   Thumb Code    18  stm32f10x_rcc.o(.text)
    RCC_LSEConfig                            0x0800b34b   Thumb Code    50  stm32f10x_rcc.o(.text)
    RCC_LSICmd                               0x0800b37d   Thumb Code     6  stm32f10x_rcc.o(.text)
    RCC_RTCCLKConfig                         0x0800b383   Thumb Code    12  stm32f10x_rcc.o(.text)
    RCC_RTCCLKCmd                            0x0800b38f   Thumb Code     8  stm32f10x_rcc.o(.text)
    RCC_GetClocksFreq                        0x0800b397   Thumb Code   192  stm32f10x_rcc.o(.text)
    RCC_AHBPeriphClockCmd                    0x0800b457   Thumb Code    26  stm32f10x_rcc.o(.text)
    RCC_APB2PeriphClockCmd                   0x0800b471   Thumb Code    26  stm32f10x_rcc.o(.text)
    RCC_APB1PeriphClockCmd                   0x0800b48b   Thumb Code    26  stm32f10x_rcc.o(.text)
    RCC_APB2PeriphResetCmd                   0x0800b4a5   Thumb Code    26  stm32f10x_rcc.o(.text)
    RCC_APB1PeriphResetCmd                   0x0800b4bf   Thumb Code    26  stm32f10x_rcc.o(.text)
    RCC_BackupResetCmd                       0x0800b4d9   Thumb Code     8  stm32f10x_rcc.o(.text)
    RCC_ClockSecuritySystemCmd               0x0800b4e1   Thumb Code     6  stm32f10x_rcc.o(.text)
    RCC_MCOConfig                            0x0800b4e7   Thumb Code     6  stm32f10x_rcc.o(.text)
    RCC_ClearFlag                            0x0800b4ed   Thumb Code    14  stm32f10x_rcc.o(.text)
    RCC_GetITStatus                          0x0800b4fb   Thumb Code    20  stm32f10x_rcc.o(.text)
    RCC_ClearITPendingBit                    0x0800b50f   Thumb Code     6  stm32f10x_rcc.o(.text)
    USART_DeInit                             0x0800b539   Thumb Code   134  stm32f10x_usart.o(.text)
    USART_Init                               0x0800b5bf   Thumb Code   210  stm32f10x_usart.o(.text)
    USART_StructInit                         0x0800b691   Thumb Code    24  stm32f10x_usart.o(.text)
    USART_ClockInit                          0x0800b6a9   Thumb Code    34  stm32f10x_usart.o(.text)
    USART_ClockStructInit                    0x0800b6cb   Thumb Code    12  stm32f10x_usart.o(.text)
    USART_Cmd                                0x0800b6d7   Thumb Code    24  stm32f10x_usart.o(.text)
    USART_ITConfig                           0x0800b6ef   Thumb Code    74  stm32f10x_usart.o(.text)
    USART_DMACmd                             0x0800b739   Thumb Code    18  stm32f10x_usart.o(.text)
    USART_SetAddress                         0x0800b74b   Thumb Code    18  stm32f10x_usart.o(.text)
    USART_WakeUpConfig                       0x0800b75d   Thumb Code    18  stm32f10x_usart.o(.text)
    USART_ReceiverWakeUpCmd                  0x0800b76f   Thumb Code    24  stm32f10x_usart.o(.text)
    USART_LINBreakDetectLengthConfig         0x0800b787   Thumb Code    18  stm32f10x_usart.o(.text)
    USART_LINCmd                             0x0800b799   Thumb Code    24  stm32f10x_usart.o(.text)
    USART_SendData                           0x0800b7b1   Thumb Code     8  stm32f10x_usart.o(.text)
    USART_ReceiveData                        0x0800b7b9   Thumb Code    10  stm32f10x_usart.o(.text)
    USART_SendBreak                          0x0800b7c3   Thumb Code    10  stm32f10x_usart.o(.text)
    USART_SetGuardTime                       0x0800b7cd   Thumb Code    16  stm32f10x_usart.o(.text)
    USART_SetPrescaler                       0x0800b7dd   Thumb Code    16  stm32f10x_usart.o(.text)
    USART_SmartCardCmd                       0x0800b7ed   Thumb Code    24  stm32f10x_usart.o(.text)
    USART_SmartCardNACKCmd                   0x0800b805   Thumb Code    24  stm32f10x_usart.o(.text)
    USART_HalfDuplexCmd                      0x0800b81d   Thumb Code    24  stm32f10x_usart.o(.text)
    USART_OverSampling8Cmd                   0x0800b835   Thumb Code    22  stm32f10x_usart.o(.text)
    USART_OneBitMethodCmd                    0x0800b84b   Thumb Code    24  stm32f10x_usart.o(.text)
    USART_IrDAConfig                         0x0800b863   Thumb Code    18  stm32f10x_usart.o(.text)
    USART_IrDACmd                            0x0800b875   Thumb Code    24  stm32f10x_usart.o(.text)
    USART_GetFlagStatus                      0x0800b88d   Thumb Code    26  stm32f10x_usart.o(.text)
    USART_ClearFlag                          0x0800b8a7   Thumb Code    18  stm32f10x_usart.o(.text)
    USART_GetITStatus                        0x0800b8b9   Thumb Code    84  stm32f10x_usart.o(.text)
    USART_ClearITPendingBit                  0x0800b90d   Thumb Code    52  stm32f10x_usart.o(.text)
    RTC_ITConfig                             0x0800b941   Thumb Code    26  stm32f10x_rtc.o(.text)
    RTC_EnterConfigMode                      0x0800b95b   Thumb Code    18  stm32f10x_rtc.o(.text)
    RTC_ExitConfigMode                       0x0800b96d   Thumb Code    20  stm32f10x_rtc.o(.text)
    RTC_GetCounter                           0x0800b981   Thumb Code    18  stm32f10x_rtc.o(.text)
    RTC_SetCounter                           0x0800b993   Thumb Code    26  stm32f10x_rtc.o(.text)
    RTC_SetPrescaler                         0x0800b9ad   Thumb Code    28  stm32f10x_rtc.o(.text)
    RTC_SetAlarm                             0x0800b9c9   Thumb Code    26  stm32f10x_rtc.o(.text)
    RTC_GetDivider                           0x0800b9e3   Thumb Code    22  stm32f10x_rtc.o(.text)
    RTC_WaitForLastTask                      0x0800b9f9   Thumb Code    18  stm32f10x_rtc.o(.text)
    RTC_WaitForSynchro                       0x0800ba0b   Thumb Code    36  stm32f10x_rtc.o(.text)
    RTC_GetFlagStatus                        0x0800ba2f   Thumb Code    22  stm32f10x_rtc.o(.text)
    RTC_ClearFlag                            0x0800ba45   Thumb Code    16  stm32f10x_rtc.o(.text)
    RTC_GetITStatus                          0x0800ba55   Thumb Code    32  stm32f10x_rtc.o(.text)
    RTC_ClearITPendingBit                    0x0800ba75   Thumb Code    16  stm32f10x_rtc.o(.text)
    TIM_DeInit                               0x0800ba89   Thumb Code   424  stm32f10x_tim.o(.text)
    TIM_TimeBaseInit                         0x0800bc31   Thumb Code   122  stm32f10x_tim.o(.text)
    TIM_OC1Init                              0x0800bcab   Thumb Code   132  stm32f10x_tim.o(.text)
    TIM_OC2Init                              0x0800bd2f   Thumb Code   154  stm32f10x_tim.o(.text)
    TIM_OC3Init                              0x0800bdc9   Thumb Code   150  stm32f10x_tim.o(.text)
    TIM_OC4Init                              0x0800be5f   Thumb Code   182  stm32f10x_tim.o(.text)
    TIM_SetIC4Prescaler                      0x0800bf15   Thumb Code    26  stm32f10x_tim.o(.text)
    TIM_SetIC3Prescaler                      0x0800bfb1   Thumb Code    18  stm32f10x_tim.o(.text)
    TIM_SetIC2Prescaler                      0x0800c03d   Thumb Code    26  stm32f10x_tim.o(.text)
    TIM_SetIC1Prescaler                      0x0800c0d9   Thumb Code    18  stm32f10x_tim.o(.text)
    TIM_ICInit                               0x0800c157   Thumb Code   150  stm32f10x_tim.o(.text)
    TIM_PWMIConfig                           0x0800c1ed   Thumb Code   124  stm32f10x_tim.o(.text)
    TIM_BDTRConfig                           0x0800c269   Thumb Code    32  stm32f10x_tim.o(.text)
    TIM_TimeBaseStructInit                   0x0800c289   Thumb Code    18  stm32f10x_tim.o(.text)
    TIM_OCStructInit                         0x0800c29b   Thumb Code    20  stm32f10x_tim.o(.text)
    TIM_ICStructInit                         0x0800c2af   Thumb Code    18  stm32f10x_tim.o(.text)
    TIM_BDTRStructInit                       0x0800c2c1   Thumb Code    40  stm32f10x_tim.o(.text)
    TIM_Cmd                                  0x0800c2e9   Thumb Code    24  stm32f10x_tim.o(.text)
    TIM_CtrlPWMOutputs                       0x0800c301   Thumb Code    30  stm32f10x_tim.o(.text)
    TIM_ITConfig                             0x0800c31f   Thumb Code    18  stm32f10x_tim.o(.text)
    TIM_GenerateEvent                        0x0800c331   Thumb Code     4  stm32f10x_tim.o(.text)
    TIM_DMAConfig                            0x0800c335   Thumb Code    10  stm32f10x_tim.o(.text)
    TIM_DMACmd                               0x0800c33f   Thumb Code    18  stm32f10x_tim.o(.text)
    TIM_InternalClockConfig                  0x0800c351   Thumb Code    12  stm32f10x_tim.o(.text)
    TIM_SelectInputTrigger                   0x0800c35d   Thumb Code    18  stm32f10x_tim.o(.text)
    TIM_ITRxExternalClockConfig              0x0800c36f   Thumb Code    24  stm32f10x_tim.o(.text)
    TIM_TIxExternalClockConfig               0x0800c387   Thumb Code    62  stm32f10x_tim.o(.text)
    TIM_ETRConfig                            0x0800c3c5   Thumb Code    28  stm32f10x_tim.o(.text)
    TIM_ETRClockMode1Config                  0x0800c3e1   Thumb Code    54  stm32f10x_tim.o(.text)
    TIM_ETRClockMode2Config                  0x0800c417   Thumb Code    32  stm32f10x_tim.o(.text)
    TIM_PrescalerConfig                      0x0800c437   Thumb Code     6  stm32f10x_tim.o(.text)
    TIM_CounterModeConfig                    0x0800c43d   Thumb Code    18  stm32f10x_tim.o(.text)
    TIM_EncoderInterfaceConfig               0x0800c44f   Thumb Code    66  stm32f10x_tim.o(.text)
    TIM_ForcedOC1Config                      0x0800c491   Thumb Code    18  stm32f10x_tim.o(.text)
    TIM_ForcedOC2Config                      0x0800c4a3   Thumb Code    26  stm32f10x_tim.o(.text)
    TIM_ForcedOC3Config                      0x0800c4bd   Thumb Code    18  stm32f10x_tim.o(.text)
    TIM_ForcedOC4Config                      0x0800c4cf   Thumb Code    26  stm32f10x_tim.o(.text)
    TIM_ARRPreloadConfig                     0x0800c4e9   Thumb Code    24  stm32f10x_tim.o(.text)
    TIM_SelectCOM                            0x0800c501   Thumb Code    24  stm32f10x_tim.o(.text)
    TIM_SelectCCDMA                          0x0800c519   Thumb Code    24  stm32f10x_tim.o(.text)
    TIM_CCPreloadControl                     0x0800c531   Thumb Code    24  stm32f10x_tim.o(.text)
    TIM_OC1PreloadConfig                     0x0800c549   Thumb Code    18  stm32f10x_tim.o(.text)
    TIM_OC2PreloadConfig                     0x0800c55b   Thumb Code    26  stm32f10x_tim.o(.text)
    TIM_OC3PreloadConfig                     0x0800c575   Thumb Code    18  stm32f10x_tim.o(.text)
    TIM_OC4PreloadConfig                     0x0800c587   Thumb Code    26  stm32f10x_tim.o(.text)
    TIM_OC1FastConfig                        0x0800c5a1   Thumb Code    18  stm32f10x_tim.o(.text)
    TIM_OC2FastConfig                        0x0800c5b3   Thumb Code    26  stm32f10x_tim.o(.text)
    TIM_OC3FastConfig                        0x0800c5cd   Thumb Code    18  stm32f10x_tim.o(.text)
    TIM_OC4FastConfig                        0x0800c5df   Thumb Code    26  stm32f10x_tim.o(.text)
    TIM_ClearOC1Ref                          0x0800c5f9   Thumb Code    18  stm32f10x_tim.o(.text)
    TIM_ClearOC2Ref                          0x0800c60b   Thumb Code    24  stm32f10x_tim.o(.text)
    TIM_ClearOC3Ref                          0x0800c623   Thumb Code    18  stm32f10x_tim.o(.text)
    TIM_ClearOC4Ref                          0x0800c635   Thumb Code    24  stm32f10x_tim.o(.text)
    TIM_OC1PolarityConfig                    0x0800c64d   Thumb Code    18  stm32f10x_tim.o(.text)
    TIM_OC1NPolarityConfig                   0x0800c65f   Thumb Code    18  stm32f10x_tim.o(.text)
    TIM_OC2PolarityConfig                    0x0800c671   Thumb Code    26  stm32f10x_tim.o(.text)
    TIM_OC2NPolarityConfig                   0x0800c68b   Thumb Code    26  stm32f10x_tim.o(.text)
    TIM_OC3PolarityConfig                    0x0800c6a5   Thumb Code    26  stm32f10x_tim.o(.text)
    TIM_OC3NPolarityConfig                   0x0800c6bf   Thumb Code    26  stm32f10x_tim.o(.text)
    TIM_OC4PolarityConfig                    0x0800c6d9   Thumb Code    26  stm32f10x_tim.o(.text)
    TIM_CCxCmd                               0x0800c6f3   Thumb Code    30  stm32f10x_tim.o(.text)
    TIM_CCxNCmd                              0x0800c711   Thumb Code    30  stm32f10x_tim.o(.text)
    TIM_SelectOCxM                           0x0800c72f   Thumb Code    82  stm32f10x_tim.o(.text)
    TIM_UpdateDisableConfig                  0x0800c781   Thumb Code    24  stm32f10x_tim.o(.text)
    TIM_UpdateRequestConfig                  0x0800c799   Thumb Code    24  stm32f10x_tim.o(.text)
    TIM_SelectHallSensor                     0x0800c7b1   Thumb Code    24  stm32f10x_tim.o(.text)
    TIM_SelectOnePulseMode                   0x0800c7c9   Thumb Code    18  stm32f10x_tim.o(.text)
    TIM_SelectOutputTrigger                  0x0800c7db   Thumb Code    18  stm32f10x_tim.o(.text)
    TIM_SelectSlaveMode                      0x0800c7ed   Thumb Code    18  stm32f10x_tim.o(.text)
    TIM_SelectMasterSlaveMode                0x0800c7ff   Thumb Code    18  stm32f10x_tim.o(.text)
    TIM_SetCounter                           0x0800c811   Thumb Code     4  stm32f10x_tim.o(.text)
    TIM_SetAutoreload                        0x0800c815   Thumb Code     4  stm32f10x_tim.o(.text)
    TIM_SetCompare1                          0x0800c819   Thumb Code     4  stm32f10x_tim.o(.text)
    TIM_SetCompare2                          0x0800c81d   Thumb Code     4  stm32f10x_tim.o(.text)
    TIM_SetCompare3                          0x0800c821   Thumb Code     4  stm32f10x_tim.o(.text)
    TIM_SetCompare4                          0x0800c825   Thumb Code     6  stm32f10x_tim.o(.text)
    TIM_SetClockDivision                     0x0800c82b   Thumb Code    18  stm32f10x_tim.o(.text)
    TIM_GetCapture1                          0x0800c83d   Thumb Code     6  stm32f10x_tim.o(.text)
    TIM_GetCapture2                          0x0800c843   Thumb Code     6  stm32f10x_tim.o(.text)
    TIM_GetCapture3                          0x0800c849   Thumb Code     6  stm32f10x_tim.o(.text)
    TIM_GetCapture4                          0x0800c84f   Thumb Code     8  stm32f10x_tim.o(.text)
    TIM_GetCounter                           0x0800c857   Thumb Code     6  stm32f10x_tim.o(.text)
    TIM_GetPrescaler                         0x0800c85d   Thumb Code     6  stm32f10x_tim.o(.text)
    TIM_GetFlagStatus                        0x0800c863   Thumb Code    18  stm32f10x_tim.o(.text)
    TIM_ClearFlag                            0x0800c875   Thumb Code     6  stm32f10x_tim.o(.text)
    TIM_GetITStatus                          0x0800c87b   Thumb Code    34  stm32f10x_tim.o(.text)
    TIM_ClearITPendingBit                    0x0800c89d   Thumb Code     6  stm32f10x_tim.o(.text)
    FLASH_SetLatency                         0x0800c8a5   Thumb Code    18  stm32f10x_flash.o(.text)
    FLASH_HalfCycleAccessCmd                 0x0800c8b7   Thumb Code    22  stm32f10x_flash.o(.text)
    FLASH_PrefetchBufferCmd                  0x0800c8cd   Thumb Code    22  stm32f10x_flash.o(.text)
    FLASH_Unlock                             0x0800c8e3   Thumb Code    12  stm32f10x_flash.o(.text)
    FLASH_UnlockBank1                        0x0800c8ef   Thumb Code    12  stm32f10x_flash.o(.text)
    FLASH_Lock                               0x0800c8fb   Thumb Code    14  stm32f10x_flash.o(.text)
    FLASH_LockBank1                          0x0800c909   Thumb Code    14  stm32f10x_flash.o(.text)
    FLASH_GetBank1Status                     0x0800c917   Thumb Code    48  stm32f10x_flash.o(.text)
    FLASH_WaitForLastOperation               0x0800c947   Thumb Code    38  stm32f10x_flash.o(.text)
    FLASH_ErasePage                          0x0800c96d   Thumb Code    72  stm32f10x_flash.o(.text)
    FLASH_EraseAllPages                      0x0800c9b5   Thumb Code    68  stm32f10x_flash.o(.text)
    FLASH_WaitForLastBank1Operation          0x0800c9f9   Thumb Code    38  stm32f10x_flash.o(.text)
    FLASH_EraseAllBank1Pages                 0x0800ca1f   Thumb Code    68  stm32f10x_flash.o(.text)
    FLASH_GetReadOutProtectionStatus         0x0800ca63   Thumb Code    20  stm32f10x_flash.o(.text)
    FLASH_EraseOptionBytes                   0x0800ca77   Thumb Code   150  stm32f10x_flash.o(.text)
    FLASH_ProgramWord                        0x0800cb0d   Thumb Code   102  stm32f10x_flash.o(.text)
    FLASH_ProgramHalfWord                    0x0800cb73   Thumb Code    60  stm32f10x_flash.o(.text)
    FLASH_ProgramOptionByteData              0x0800cbaf   Thumb Code    72  stm32f10x_flash.o(.text)
    FLASH_EnableWriteProtection              0x0800cbf7   Thumb Code   200  stm32f10x_flash.o(.text)
    FLASH_ReadOutProtection                  0x0800ccbf   Thumb Code   156  stm32f10x_flash.o(.text)
    FLASH_UserOptionByteConfig               0x0800cd5b   Thumb Code    88  stm32f10x_flash.o(.text)
    FLASH_GetUserOptionByte                  0x0800cdb3   Thumb Code     8  stm32f10x_flash.o(.text)
    FLASH_GetWriteProtectionOptionByte       0x0800cdbb   Thumb Code     6  stm32f10x_flash.o(.text)
    FLASH_GetPrefetchBufferStatus            0x0800cdc1   Thumb Code    20  stm32f10x_flash.o(.text)
    FLASH_ITConfig                           0x0800cdd5   Thumb Code    26  stm32f10x_flash.o(.text)
    FLASH_GetFlagStatus                      0x0800cdef   Thumb Code    42  stm32f10x_flash.o(.text)
    FLASH_ClearFlag                          0x0800ce19   Thumb Code     6  stm32f10x_flash.o(.text)
    FLASH_GetStatus                          0x0800ce1f   Thumb Code    48  stm32f10x_flash.o(.text)
    usmart_sys_cmd_exe                       0x0800ce61   Thumb Code  1554  usmart.o(.text)
    usmart_reset_runtime                     0x0800d473   Thumb Code    38  usmart.o(.text)
    usmart_get_runtime                       0x0800d499   Thumb Code    60  usmart.o(.text)
    TIM4_IRQHandler                          0x0800d4d5   Thumb Code    46  usmart.o(.text)
    Timer4_Init                              0x0800d503   Thumb Code    88  usmart.o(.text)
    usmart_init                              0x0800d55b   Thumb Code    36  usmart.o(.text)
    usmart_cmd_rec                           0x0800d57f   Thumb Code   170  usmart.o(.text)
    usmart_exe                               0x0800d629   Thumb Code   870  usmart.o(.text)
    usmart_scan                              0x0800d98f   Thumb Code   120  usmart.o(.text)
    read_addr                                0x0800da07   Thumb Code     6  usmart.o(.text)
    write_addr                               0x0800da0d   Thumb Code     4  usmart.o(.text)
    usmart_strcmp                            0x0800da99   Thumb Code    34  usmart_str.o(.text)
    usmart_strcopy                           0x0800dabb   Thumb Code    22  usmart_str.o(.text)
    usmart_strlen                            0x0800dad1   Thumb Code    24  usmart_str.o(.text)
    usmart_pow                               0x0800dae9   Thumb Code    22  usmart_str.o(.text)
    usmart_str2num                           0x0800daff   Thumb Code   202  usmart_str.o(.text)
    usmart_get_cmdname                       0x0800dbc9   Thumb Code    54  usmart_str.o(.text)
    usmart_search_nextc                      0x0800dbff   Thumb Code    22  usmart_str.o(.text)
    usmart_get_fname                         0x0800dc15   Thumb Code   440  usmart_str.o(.text)
    usmart_get_aparm                         0x0800ddcd   Thumb Code   200  usmart_str.o(.text)
    usmart_get_parmpos                       0x0800de95   Thumb Code    26  usmart_str.o(.text)
    usmart_get_fparam                        0x0800deaf   Thumb Code   262  usmart_str.o(.text)
    __use_no_semihosting                     0x0800dfc1   Thumb Code     2  use_no_semi_2.o(.text)
    __2printf                                0x0800dfc5   Thumb Code    20  noretval__2printf.o(.text)
    _printf_pre_padding                      0x0800dfdd   Thumb Code    44  _printf_pad.o(.text)
    _printf_post_padding                     0x0800e009   Thumb Code    34  _printf_pad.o(.text)
    _printf_str                              0x0800e02b   Thumb Code    82  _printf_str.o(.text)
    _printf_int_dec                          0x0800e07d   Thumb Code   104  _printf_dec.o(.text)
    _printf_int_hex                          0x0800e0f5   Thumb Code    84  _printf_hex_int.o(.text)
    _printf_longlong_hex                     0x0800e0f5   Thumb Code     0  _printf_hex_int.o(.text)
    __printf                                 0x0800e14d   Thumb Code   388  __printf_flags_ss_wp.o(.text)
    strcmp                                   0x0800e2d5   Thumb Code   128  strcmpv7m.o(.text)
    __use_two_region_memory                  0x0800e355   Thumb Code     2  heapauxi.o(.text)
    __rt_heap_escrow$2region                 0x0800e357   Thumb Code     2  heapauxi.o(.text)
    __rt_heap_expand$2region                 0x0800e359   Thumb Code     2  heapauxi.o(.text)
    __I$use$semihosting                      0x0800e35b   Thumb Code     0  use_no_semi.o(.text)
    __use_no_semihosting_swi                 0x0800e35b   Thumb Code     2  use_no_semi.o(.text)
    __read_errno                             0x0800e35d   Thumb Code    10  _rserrno.o(.text)
    __set_errno                              0x0800e367   Thumb Code    12  _rserrno.o(.text)
    _printf_int_common                       0x0800e373   Thumb Code   178  _printf_intcommon.o(.text)
    _printf_cs_common                        0x0800e425   Thumb Code    20  _printf_char.o(.text)
    _printf_char                             0x0800e439   Thumb Code    16  _printf_char.o(.text)
    _printf_string                           0x0800e449   Thumb Code     8  _printf_char.o(.text)
    _printf_char_file                        0x0800e451   Thumb Code    32  _printf_char_file.o(.text)
    __aeabi_errno_addr                       0x0800e475   Thumb Code     8  rt_errno_addr_intlibspace.o(.text)
    __errno$intlibspace                      0x0800e475   Thumb Code     0  rt_errno_addr_intlibspace.o(.text)
    __rt_errno_addr$intlibspace              0x0800e475   Thumb Code     0  rt_errno_addr_intlibspace.o(.text)
    _printf_char_common                      0x0800e487   Thumb Code    32  _printf_char_common.o(.text)
    ferror                                   0x0800e4ad   Thumb Code     8  ferror.o(.text)
    __user_libspace                          0x0800e4b5   Thumb Code     8  libspace.o(.text)
    __user_perproc_libspace                  0x0800e4b5   Thumb Code     0  libspace.o(.text)
    __user_perthread_libspace                0x0800e4b5   Thumb Code     0  libspace.o(.text)
    __user_setup_stackheap                   0x0800e4bd   Thumb Code    74  sys_stackheap_outer.o(.text)
    exit                                     0x0800e507   Thumb Code    12  exit.o(.text)
    _is_digit                                0x0800e513   Thumb Code    14  __printf_wp.o(i._is_digit)
    sqrt                                     0x0800e521   Thumb Code    76  sqrt.o(i.sqrt)
    __aeabi_dadd                             0x0800e56d   Thumb Code     0  daddsub_clz.o(x$fpl$dadd)
    _dadd                                    0x0800e56d   Thumb Code   332  daddsub_clz.o(x$fpl$dadd)
    __fpl_dcmp_Inf                           0x0800e6bd   Thumb Code    24  dcmpi.o(x$fpl$dcmpinf)
    __aeabi_ddiv                             0x0800e6d5   Thumb Code     0  ddiv.o(x$fpl$ddiv)
    _ddiv                                    0x0800e6d5   Thumb Code   552  ddiv.o(x$fpl$ddiv)
    __aeabi_d2iz                             0x0800e985   Thumb Code     0  dfix.o(x$fpl$dfix)
    _dfix                                    0x0800e985   Thumb Code    94  dfix.o(x$fpl$dfix)
    __aeabi_d2uiz                            0x0800e9e5   Thumb Code     0  dfixu.o(x$fpl$dfixu)
    _dfixu                                   0x0800e9e5   Thumb Code    90  dfixu.o(x$fpl$dfixu)
    __aeabi_i2d                              0x0800ea3f   Thumb Code     0  dflt_clz.o(x$fpl$dflt)
    _dflt                                    0x0800ea3f   Thumb Code    46  dflt_clz.o(x$fpl$dflt)
    __aeabi_ui2d                             0x0800ea6d   Thumb Code     0  dflt_clz.o(x$fpl$dfltu)
    _dfltu                                   0x0800ea6d   Thumb Code    38  dflt_clz.o(x$fpl$dfltu)
    __aeabi_cdcmple                          0x0800ea95   Thumb Code     0  dleqf.o(x$fpl$dleqf)
    _dcmple                                  0x0800ea95   Thumb Code   120  dleqf.o(x$fpl$dleqf)
    __fpl_dcmple_InfNaN                      0x0800eaf7   Thumb Code     0  dleqf.o(x$fpl$dleqf)
    __aeabi_dmul                             0x0800eb0d   Thumb Code     0  dmul.o(x$fpl$dmul)
    _dmul                                    0x0800eb0d   Thumb Code   332  dmul.o(x$fpl$dmul)
    __fpl_dnaninf                            0x0800ec61   Thumb Code   156  dnaninf.o(x$fpl$dnaninf)
    __fpl_dretinf                            0x0800ecfd   Thumb Code    12  dretinf.o(x$fpl$dretinf)
    __aeabi_cdrcmple                         0x0800ed09   Thumb Code     0  drleqf.o(x$fpl$drleqf)
    _drcmple                                 0x0800ed09   Thumb Code   108  drleqf.o(x$fpl$drleqf)
    __aeabi_drsub                            0x0800ed75   Thumb Code     0  daddsub_clz.o(x$fpl$drsb)
    _drsb                                    0x0800ed75   Thumb Code    22  daddsub_clz.o(x$fpl$drsb)
    _dsqrt                                   0x0800ed8d   Thumb Code   456  dsqrt_noumaal.o(x$fpl$dsqrt)
    __aeabi_dsub                             0x0800ef59   Thumb Code     0  daddsub_clz.o(x$fpl$dsub)
    _dsub                                    0x0800ef59   Thumb Code   464  daddsub_clz.o(x$fpl$dsub)
    __aeabi_f2d                              0x0800f12d   Thumb Code     0  f2d.o(x$fpl$f2d)
    _f2d                                     0x0800f12d   Thumb Code    86  f2d.o(x$fpl$f2d)
    __aeabi_fadd                             0x0800f185   Thumb Code     0  faddsub_clz.o(x$fpl$fadd)
    _fadd                                    0x0800f185   Thumb Code   196  faddsub_clz.o(x$fpl$fadd)
    __aeabi_fdiv                             0x0800f249   Thumb Code     0  fdiv.o(x$fpl$fdiv)
    _fdiv                                    0x0800f249   Thumb Code   384  fdiv.o(x$fpl$fdiv)
    __aeabi_f2iz                             0x0800f3cd   Thumb Code     0  ffix.o(x$fpl$ffix)
    _ffix                                    0x0800f3cd   Thumb Code    54  ffix.o(x$fpl$ffix)
    __aeabi_f2uiz                            0x0800f405   Thumb Code     0  ffixu.o(x$fpl$ffixu)
    _ffixu                                   0x0800f405   Thumb Code    62  ffixu.o(x$fpl$ffixu)
    __aeabi_i2f                              0x0800f445   Thumb Code     0  fflt_clz.o(x$fpl$fflt)
    _fflt                                    0x0800f445   Thumb Code    48  fflt_clz.o(x$fpl$fflt)
    __aeabi_ui2f                             0x0800f475   Thumb Code     0  fflt_clz.o(x$fpl$ffltu)
    _ffltu                                   0x0800f475   Thumb Code    38  fflt_clz.o(x$fpl$ffltu)
    __aeabi_fmul                             0x0800f49d   Thumb Code     0  fmul.o(x$fpl$fmul)
    _fmul                                    0x0800f49d   Thumb Code   258  fmul.o(x$fpl$fmul)
    __fpl_fnaninf                            0x0800f59f   Thumb Code   140  fnaninf.o(x$fpl$fnaninf)
    __fpl_fretinf                            0x0800f62b   Thumb Code    10  fretinf.o(x$fpl$fretinf)
    __aeabi_fsub                             0x0800f635   Thumb Code     0  faddsub_clz.o(x$fpl$fsub)
    _fsub                                    0x0800f635   Thumb Code   234  faddsub_clz.o(x$fpl$fsub)
    FT5206_TPX_TBL                           0x0800f71e   Data          10  ft5206.o(.constdata)
    __I$use$fp                               0x0800f71e   Number         0  usenofp.o(x$fpl$usenofp)
    GT9147_CFG_TBL                           0x0800f728   Data         184  gt9147.o(.constdata)
    GT9147_TPX_TBL                           0x0800f7e0   Data          10  gt9147.o(.constdata)
    OTT_TPX_TBL                              0x0800f7ea   Data          10  ott2001a.o(.constdata)
    TP_REMIND_MSG_TBL                        0x0800f7f4   Data           4  touch.o(.constdata)
    asc2_1206                                0x0800f7f8   Data        1140  lcd.o(.constdata)
    asc2_1608                                0x0800fc6c   Data        1520  lcd.o(.constdata)
    asc2_2412                                0x0801025c   Data        3420  lcd.o(.constdata)
    table_week                               0x08010fb8   Data          12  rtc.o(.constdata)
    mon_table                                0x08010fc4   Data          12  rtc.o(.constdata)
    Region$$Table$$Base                      0x08011158   Number         0  anon$$obj.o(Region$$Table)
    Region$$Table$$Limit                     0x08011178   Number         0  anon$$obj.o(Region$$Table)
    sum_on                                   0x20000000   Data           2  main.o(.data)
    sum_off                                  0x20000002   Data           2  main.o(.data)
    sum_hour_on                              0x20000004   Data           2  main.o(.data)
    sum_minute_on                            0x20000006   Data           2  main.o(.data)
    sum_hour_off                             0x20000008   Data           2  main.o(.data)
    sum_minute_off                           0x2000000a   Data           2  main.o(.data)
    win_on                                   0x2000000c   Data           2  main.o(.data)
    win_off                                  0x2000000e   Data           2  main.o(.data)
    win_hour_on                              0x20000010   Data           2  main.o(.data)
    win_minute_on                            0x20000012   Data           2  main.o(.data)
    win_hour_off                             0x20000014   Data           2  main.o(.data)
    win_minute_off                           0x20000016   Data           2  main.o(.data)
    timenow                                  0x20000018   Data           2  main.o(.data)
    mode_flag                                0x2000001a   Data           2  main.o(.data)
    key_flag                                 0x2000001c   Data           2  main.o(.data)
    adcx                                     0x2000001e   Data           2  main.o(.data)
    light_shreshold                          0x20000020   Data           2  main.o(.data)
    flag_light                               0x20000022   Data           2  main.o(.data)
    setting_flag                             0x20000024   Data           2  main.o(.data)
    Data_flag                                0x20000026   Data           2  main.o(.data)
    Key_flag                                 0x20000028   Data           2  main.o(.data)
    Auto_flag                                0x2000002a   Data           2  main.o(.data)
    Lsen_flag                                0x2000002c   Data           2  main.o(.data)
    key_scan                                 0x20000030   Data           4  main.o(.data)
    KbdxSize                                 0x20000034   Data           2  main.o(.data)
    KbdySize                                 0x20000036   Data           2  main.o(.data)
    x_start                                  0x20000038   Data           2  main.o(.data)
    y_start                                  0x2000003a   Data           2  main.o(.data)
    sum                                      0x2000003c   Data           4  main.o(.data)
    i                                        0x20000040   Data           4  main.o(.data)
    input_flag                               0x20000044   Data           2  main.o(.data)
    flag                                     0x20000046   Data           2  main.o(.data)
    key_set                                  0x20000048   Data          60  main.o(.data)
    year                                     0x20000084   Data           4  main.o(.data)
    month                                    0x20000088   Data           4  main.o(.data)
    day                                      0x2000008c   Data           4  main.o(.data)
    hour                                     0x20000090   Data           4  main.o(.data)
    minute                                   0x20000094   Data           4  main.o(.data)
    second                                   0x20000098   Data           4  main.o(.data)
    summer_month_b                           0x2000009c   Data           4  main.o(.data)
    summer_month_e                           0x200000a0   Data           4  main.o(.data)
    summer_hour_b                            0x200000a4   Data           4  main.o(.data)
    summer_hour_e                            0x200000a8   Data           4  main.o(.data)
    summer_minute_b                          0x200000ac   Data           4  main.o(.data)
    summer_minute_e                          0x200000b0   Data           4  main.o(.data)
    winter_month_b                           0x200000b4   Data           4  main.o(.data)
    winter_month_e                           0x200000b8   Data           4  main.o(.data)
    winter_hour_b                            0x200000bc   Data           4  main.o(.data)
    winter_hour_e                            0x200000c0   Data           4  main.o(.data)
    winter_minute_b                          0x200000c4   Data           4  main.o(.data)
    winter_minute_e                          0x200000c8   Data           4  main.o(.data)
    SystemCoreClock                          0x200000cc   Data           4  system_stm32f10x.o(.data)
    AHBPrescTable                            0x200000d0   Data          16  system_stm32f10x.o(.data)
    tp_dev                                   0x200000e4   Data          52  touch.o(.data)
    CMD_RDX                                  0x20000118   Data           1  touch.o(.data)
    CMD_RDY                                  0x20000119   Data           1  touch.o(.data)
    POINT_COLOR                              0x2000011c   Data           2  lcd.o(.data)
    BACK_COLOR                               0x2000011e   Data           2  lcd.o(.data)
    __stdout                                 0x20000128   Data           4  usart.o(.data)
    USART_RX_STA                             0x2000012c   Data           2  usart.o(.data)
    sys_cmd_tab                              0x20000144   Data          28  usmart.o(.data)
    usmart_nametab                           0x20000160   Data          40  usmart_config.o(.data)
    usmart_dev                               0x20000188   Data         244  usmart_config.o(.data)
    input                                    0x2000027c   Data         120  main.o(.bss)
    lcddev                                   0x200002f4   Data          14  lcd.o(.bss)
    calendar                                 0x20000302   Data          10  rtc.o(.bss)
    USART_RX_BUF                             0x2000030c   Data         200  usart.o(.bss)
    __libspace_start                         0x200003d4   Data          96  libspace.o(.bss)
    __temporary_stack_top$libspace           0x20000434   Data           0  libspace.o(.bss)



==============================================================================

Memory Map of the image

  Image Entry point : 0x08000131

  Load Region LR_IROM1 (Base: 0x08000000, Size: 0x000113f4, Max: 0x00080000, ABSOLUTE, COMPRESSED[0x00011220])

    Execution Region ER_IROM1 (Base: 0x08000000, Size: 0x00011178, Max: 0x00080000, ABSOLUTE)

    Base Addr    Size         Type   Attr      Idx    E Section Name        Object

    0x08000000   0x00000130   Data   RO          573    RESET               startup_stm32f10x_hd.o
    0x08000130   0x00000008   Code   RO          808  * !!!main             c_w.l(__main.o)
    0x08000138   0x00000034   Code   RO         1065    !!!scatter          c_w.l(__scatter.o)
    0x0800016c   0x0000005a   Code   RO         1063    !!dczerorl2         c_w.l(__dczerorl2.o)
    0x080001c6   0x00000002   PAD
    0x080001c8   0x0000001c   Code   RO         1067    !!handler_zi        c_w.l(__scatter_zi.o)
    0x080001e4   0x00000000   Code   RO          803    .ARM.Collect$$_printf_percent$$00000000  c_w.l(_printf_percent.o)
    0x080001e4   0x00000006   Code   RO          801    .ARM.Collect$$_printf_percent$$00000009  c_w.l(_printf_d.o)
    0x080001ea   0x00000006   Code   RO          802    .ARM.Collect$$_printf_percent$$0000000A  c_w.l(_printf_u.o)
    0x080001f0   0x00000006   Code   RO          800    .ARM.Collect$$_printf_percent$$0000000C  c_w.l(_printf_x.o)
    0x080001f6   0x00000006   Code   RO          798    .ARM.Collect$$_printf_percent$$00000013  c_w.l(_printf_c.o)
    0x080001fc   0x00000006   Code   RO          799    .ARM.Collect$$_printf_percent$$00000014  c_w.l(_printf_s.o)
    0x08000202   0x00000004   Code   RO          887    .ARM.Collect$$_printf_percent$$00000017  c_w.l(_printf_percent_end.o)
    0x08000206   0x00000002   Code   RO          941    .ARM.Collect$$libinit$$00000000  c_w.l(libinit.o)
    0x08000208   0x00000000   Code   RO          945    .ARM.Collect$$libinit$$00000002  c_w.l(libinit2.o)
    0x08000208   0x00000000   Code   RO          947    .ARM.Collect$$libinit$$00000004  c_w.l(libinit2.o)
    0x08000208   0x00000000   Code   RO          950    .ARM.Collect$$libinit$$0000000A  c_w.l(libinit2.o)
    0x08000208   0x00000000   Code   RO          952    .ARM.Collect$$libinit$$0000000C  c_w.l(libinit2.o)
    0x08000208   0x00000000   Code   RO          954    .ARM.Collect$$libinit$$0000000E  c_w.l(libinit2.o)
    0x08000208   0x00000000   Code   RO          957    .ARM.Collect$$libinit$$00000011  c_w.l(libinit2.o)
    0x08000208   0x00000000   Code   RO          959    .ARM.Collect$$libinit$$00000013  c_w.l(libinit2.o)
    0x08000208   0x00000000   Code   RO          961    .ARM.Collect$$libinit$$00000015  c_w.l(libinit2.o)
    0x08000208   0x00000000   Code   RO          963    .ARM.Collect$$libinit$$00000017  c_w.l(libinit2.o)
    0x08000208   0x00000000   Code   RO          965    .ARM.Collect$$libinit$$00000019  c_w.l(libinit2.o)
    0x08000208   0x00000000   Code   RO          967    .ARM.Collect$$libinit$$0000001B  c_w.l(libinit2.o)
    0x08000208   0x00000000   Code   RO          969    .ARM.Collect$$libinit$$0000001D  c_w.l(libinit2.o)
    0x08000208   0x00000000   Code   RO          971    .ARM.Collect$$libinit$$0000001F  c_w.l(libinit2.o)
    0x08000208   0x00000000   Code   RO          973    .ARM.Collect$$libinit$$00000021  c_w.l(libinit2.o)
    0x08000208   0x00000000   Code   RO          975    .ARM.Collect$$libinit$$00000023  c_w.l(libinit2.o)
    0x08000208   0x00000000   Code   RO          977    .ARM.Collect$$libinit$$00000025  c_w.l(libinit2.o)
    0x08000208   0x00000000   Code   RO          981    .ARM.Collect$$libinit$$0000002C  c_w.l(libinit2.o)
    0x08000208   0x00000000   Code   RO          983    .ARM.Collect$$libinit$$0000002E  c_w.l(libinit2.o)
    0x08000208   0x00000000   Code   RO          985    .ARM.Collect$$libinit$$00000030  c_w.l(libinit2.o)
    0x08000208   0x00000000   Code   RO          987    .ARM.Collect$$libinit$$00000032  c_w.l(libinit2.o)
    0x08000208   0x00000002   Code   RO          988    .ARM.Collect$$libinit$$00000033  c_w.l(libinit2.o)
    0x0800020a   0x00000002   Code   RO         1006    .ARM.Collect$$libshutdown$$00000000  c_w.l(libshutdown.o)
    0x0800020c   0x00000000   Code   RO         1017    .ARM.Collect$$libshutdown$$00000003  c_w.l(libshutdown2.o)
    0x0800020c   0x00000000   Code   RO         1020    .ARM.Collect$$libshutdown$$00000006  c_w.l(libshutdown2.o)
    0x0800020c   0x00000000   Code   RO         1023    .ARM.Collect$$libshutdown$$00000009  c_w.l(libshutdown2.o)
    0x0800020c   0x00000000   Code   RO         1025    .ARM.Collect$$libshutdown$$0000000B  c_w.l(libshutdown2.o)
    0x0800020c   0x00000000   Code   RO         1028    .ARM.Collect$$libshutdown$$0000000E  c_w.l(libshutdown2.o)
    0x0800020c   0x00000002   Code   RO         1029    .ARM.Collect$$libshutdown$$0000000F  c_w.l(libshutdown2.o)
    0x0800020e   0x00000000   Code   RO          878    .ARM.Collect$$rtentry$$00000000  c_w.l(__rtentry.o)
    0x0800020e   0x00000000   Code   RO          902    .ARM.Collect$$rtentry$$00000002  c_w.l(__rtentry2.o)
    0x0800020e   0x00000006   Code   RO          914    .ARM.Collect$$rtentry$$00000004  c_w.l(__rtentry4.o)
    0x08000214   0x00000000   Code   RO          904    .ARM.Collect$$rtentry$$00000009  c_w.l(__rtentry2.o)
    0x08000214   0x00000004   Code   RO          905    .ARM.Collect$$rtentry$$0000000A  c_w.l(__rtentry2.o)
    0x08000218   0x00000000   Code   RO          907    .ARM.Collect$$rtentry$$0000000C  c_w.l(__rtentry2.o)
    0x08000218   0x00000008   Code   RO          908    .ARM.Collect$$rtentry$$0000000D  c_w.l(__rtentry2.o)
    0x08000220   0x00000002   Code   RO          942    .ARM.Collect$$rtexit$$00000000  c_w.l(rtexit.o)
    0x08000222   0x00000000   Code   RO          990    .ARM.Collect$$rtexit$$00000002  c_w.l(rtexit2.o)
    0x08000222   0x00000004   Code   RO          991    .ARM.Collect$$rtexit$$00000003  c_w.l(rtexit2.o)
    0x08000226   0x00000006   Code   RO          992    .ARM.Collect$$rtexit$$00000004  c_w.l(rtexit2.o)
    0x0800022c   0x00000260   Code   RO            1    .text               myiic.o
    0x0800048c   0x000026a8   Code   RO          110    .text               main.o
    0x08002b34   0x0000001a   Code   RO          183    .text               stm32f10x_it.o
    0x08002b4e   0x00000002   PAD
    0x08002b50   0x000001e0   Code   RO          224    .text               system_stm32f10x.o
    0x08002d30   0x00000284   Code   RO          264    .text               ctiic.o
    0x08002fb4   0x00000338   Code   RO          279    .text               ft5206.o
    0x080032ec   0x00000458   Code   RO          311    .text               gt9147.o
    0x08003744   0x0000036c   Code   RO          330    .text               ott2001a.o
    0x08003ab0   0x00000fb4   Code   RO          346    .text               touch.o
    0x08004a64   0x00000126   Code   RO          376    .text               24cxx.o
    0x08004b8a   0x00000002   PAD
    0x08004b8c   0x000000dc   Code   RO          391    .text               timer.o
    0x08004c68   0x00000230   Code   RO          403    .text               adc.o
    0x08004e98   0x00000068   Code   RO          415    .text               lsens.o
    0x08004f00   0x0000044e   Code   RO          427    .text               stm32f10x_adc.o
    0x0800534e   0x00000002   PAD
    0x08005350   0x0000004c   Code   RO          439    .text               led.o
    0x0800539c   0x000000fc   Code   RO          451    .text               key.o
    0x08005498   0x00004a5c   Code   RO          464    .text               lcd.o
    0x08009ef4   0x00000478   Code   RO          487    .text               rtc.o
    0x0800a36c   0x000000d4   Code   RO          507    .text               delay.o
    0x0800a440   0x00000140   Code   RO          538    .text               usart.o
    0x0800a580   0x00000040   Code   RO          574    .text               startup_stm32f10x_hd.o
    0x0800a5c0   0x000000dc   Code   RO          578    .text               misc.o
    0x0800a69c   0x000000c4   Code   RO          590    .text               stm32f10x_bkp.o
    0x0800a760   0x0000060c   Code   RO          602    .text               stm32f10x_fsmc.o
    0x0800ad6c   0x0000035c   Code   RO          614    .text               stm32f10x_gpio.o
    0x0800b0c8   0x000000cc   Code   RO          626    .text               stm32f10x_pwr.o
    0x0800b194   0x000003a4   Code   RO          638    .text               stm32f10x_rcc.o
    0x0800b538   0x00000408   Code   RO          652    .text               stm32f10x_usart.o
    0x0800b940   0x00000148   Code   RO          664    .text               stm32f10x_rtc.o
    0x0800ba88   0x00000e1a   Code   RO          676    .text               stm32f10x_tim.o
    0x0800c8a2   0x00000002   PAD
    0x0800c8a4   0x000005bc   Code   RO          688    .text               stm32f10x_flash.o
    0x0800ce60   0x00000c38   Code   RO          700    .text               usmart.o
    0x0800da98   0x00000528   Code   RO          729    .text               usmart_str.o
    0x0800dfc0   0x00000002   Code   RO          743    .text               c_w.l(use_no_semi_2.o)
    0x0800dfc2   0x00000002   PAD
    0x0800dfc4   0x00000018   Code   RO          747    .text               c_w.l(noretval__2printf.o)
    0x0800dfdc   0x0000004e   Code   RO          751    .text               c_w.l(_printf_pad.o)
    0x0800e02a   0x00000052   Code   RO          753    .text               c_w.l(_printf_str.o)
    0x0800e07c   0x00000078   Code   RO          755    .text               c_w.l(_printf_dec.o)
    0x0800e0f4   0x00000058   Code   RO          760    .text               c_w.l(_printf_hex_int.o)
    0x0800e14c   0x00000188   Code   RO          795    .text               c_w.l(__printf_flags_ss_wp.o)
    0x0800e2d4   0x00000080   Code   RO          804    .text               c_w.l(strcmpv7m.o)
    0x0800e354   0x00000006   Code   RO          806    .text               c_w.l(heapauxi.o)
    0x0800e35a   0x00000002   Code   RO          876    .text               c_w.l(use_no_semi.o)
    0x0800e35c   0x00000016   Code   RO          879    .text               c_w.l(_rserrno.o)
    0x0800e372   0x000000b2   Code   RO          881    .text               c_w.l(_printf_intcommon.o)
    0x0800e424   0x0000002c   Code   RO          883    .text               c_w.l(_printf_char.o)
    0x0800e450   0x00000024   Code   RO          885    .text               c_w.l(_printf_char_file.o)
    0x0800e474   0x00000008   Code   RO          919    .text               c_w.l(rt_errno_addr_intlibspace.o)
    0x0800e47c   0x00000030   Code   RO          921    .text               c_w.l(_printf_char_common.o)
    0x0800e4ac   0x00000008   Code   RO          923    .text               c_w.l(ferror.o)
    0x0800e4b4   0x00000008   Code   RO          927    .text               c_w.l(libspace.o)
    0x0800e4bc   0x0000004a   Code   RO          930    .text               c_w.l(sys_stackheap_outer.o)
    0x0800e506   0x0000000c   Code   RO          934    .text               c_w.l(exit.o)
    0x0800e512   0x0000000e   Code   RO          788    i._is_digit         c_w.l(__printf_wp.o)
    0x0800e520   0x0000004c   Code   RO          869    i.sqrt              m_ws.l(sqrt.o)
    0x0800e56c   0x00000150   Code   RO          810    x$fpl$dadd          fz_ws.l(daddsub_clz.o)
    0x0800e6bc   0x00000018   Code   RO          888    x$fpl$dcmpinf       fz_ws.l(dcmpi.o)
    0x0800e6d4   0x000002b0   Code   RO          817    x$fpl$ddiv          fz_ws.l(ddiv.o)
    0x0800e984   0x0000005e   Code   RO          820    x$fpl$dfix          fz_ws.l(dfix.o)
    0x0800e9e2   0x00000002   PAD
    0x0800e9e4   0x0000005a   Code   RO          824    x$fpl$dfixu         fz_ws.l(dfixu.o)
    0x0800ea3e   0x0000002e   Code   RO          829    x$fpl$dflt          fz_ws.l(dflt_clz.o)
    0x0800ea6c   0x00000026   Code   RO          828    x$fpl$dfltu         fz_ws.l(dflt_clz.o)
    0x0800ea92   0x00000002   PAD
    0x0800ea94   0x00000078   Code   RO          834    x$fpl$dleqf         fz_ws.l(dleqf.o)
    0x0800eb0c   0x00000154   Code   RO          836    x$fpl$dmul          fz_ws.l(dmul.o)
    0x0800ec60   0x0000009c   Code   RO          890    x$fpl$dnaninf       fz_ws.l(dnaninf.o)
    0x0800ecfc   0x0000000c   Code   RO          892    x$fpl$dretinf       fz_ws.l(dretinf.o)
    0x0800ed08   0x0000006c   Code   RO          838    x$fpl$drleqf        fz_ws.l(drleqf.o)
    0x0800ed74   0x00000016   Code   RO          811    x$fpl$drsb          fz_ws.l(daddsub_clz.o)
    0x0800ed8a   0x00000002   PAD
    0x0800ed8c   0x000001cc   Code   RO          894    x$fpl$dsqrt         fz_ws.l(dsqrt_noumaal.o)
    0x0800ef58   0x000001d4   Code   RO          812    x$fpl$dsub          fz_ws.l(daddsub_clz.o)
    0x0800f12c   0x00000056   Code   RO          840    x$fpl$f2d           fz_ws.l(f2d.o)
    0x0800f182   0x00000002   PAD
    0x0800f184   0x000000c4   Code   RO          842    x$fpl$fadd          fz_ws.l(faddsub_clz.o)
    0x0800f248   0x00000184   Code   RO          849    x$fpl$fdiv          fz_ws.l(fdiv.o)
    0x0800f3cc   0x00000036   Code   RO          852    x$fpl$ffix          fz_ws.l(ffix.o)
    0x0800f402   0x00000002   PAD
    0x0800f404   0x0000003e   Code   RO          856    x$fpl$ffixu         fz_ws.l(ffixu.o)
    0x0800f442   0x00000002   PAD
    0x0800f444   0x00000030   Code   RO          861    x$fpl$fflt          fz_ws.l(fflt_clz.o)
    0x0800f474   0x00000026   Code   RO          860    x$fpl$ffltu         fz_ws.l(fflt_clz.o)
    0x0800f49a   0x00000002   PAD
    0x0800f49c   0x00000102   Code   RO          866    x$fpl$fmul          fz_ws.l(fmul.o)
    0x0800f59e   0x0000008c   Code   RO          896    x$fpl$fnaninf       fz_ws.l(fnaninf.o)
    0x0800f62a   0x0000000a   Code   RO          898    x$fpl$fretinf       fz_ws.l(fretinf.o)
    0x0800f634   0x000000ea   Code   RO          844    x$fpl$fsub          fz_ws.l(faddsub_clz.o)
    0x0800f71e   0x00000000   Code   RO          900    x$fpl$usenofp       fz_ws.l(usenofp.o)
    0x0800f71e   0x0000000a   Data   RO          280    .constdata          ft5206.o
    0x0800f728   0x000000c2   Data   RO          312    .constdata          gt9147.o
    0x0800f7ea   0x0000000a   Data   RO          331    .constdata          ott2001a.o
    0x0800f7f4   0x00000004   Data   RO          347    .constdata          touch.o
    0x0800f7f8   0x000017c0   Data   RO          466    .constdata          lcd.o
    0x08010fb8   0x00000018   Data   RO          489    .constdata          rtc.o
    0x08010fd0   0x00000028   Data   RO          761    .constdata          c_w.l(_printf_hex_int.o)
    0x08010ff8   0x00000011   Data   RO          796    .constdata          c_w.l(__printf_flags_ss_wp.o)
    0x08011009   0x00000003   PAD
    0x0801100c   0x00000079   Data   RO          348    .conststring        touch.o
    0x08011085   0x00000003   PAD
    0x08011088   0x00000028   Data   RO          701    .conststring        usmart.o
    0x080110b0   0x000000a7   Data   RO          716    .conststring        usmart_config.o
    0x08011157   0x00000001   PAD
    0x08011158   0x00000020   Data   RO         1061    Region$$Table       anon$$obj.o


    Execution Region RW_IRAM1 (Base: 0x20000000, Size: 0x00000a38, Max: 0x00010000, ABSOLUTE, COMPRESSED[0x000000a8])

    Base Addr    Size         Type   Attr      Idx    E Section Name        Object

    0x20000000   0x000000cc   Data   RW          112    .data               main.o
    0x200000cc   0x00000014   Data   RW          225    .data               system_stm32f10x.o
    0x200000e0   0x00000001   Data   RW          281    .data               ft5206.o
    0x200000e1   0x00000001   Data   RW          313    .data               gt9147.o
    0x200000e2   0x00000001   Data   RW          332    .data               ott2001a.o
    0x200000e3   0x00000001   PAD
    0x200000e4   0x00000036   Data   RW          349    .data               touch.o
    0x2000011a   0x00000001   Data   RW          452    .data               key.o
    0x2000011b   0x00000001   PAD
    0x2000011c   0x00000004   Data   RW          467    .data               lcd.o
    0x20000120   0x00000002   Data   RW          490    .data               rtc.o
    0x20000122   0x00000004   Data   RW          508    .data               delay.o
    0x20000126   0x00000002   PAD
    0x20000128   0x00000006   Data   RW          540    .data               usart.o
    0x2000012e   0x00000014   Data   RW          639    .data               stm32f10x_rcc.o
    0x20000142   0x00000002   PAD
    0x20000144   0x0000001c   Data   RW          702    .data               usmart.o
    0x20000160   0x0000011c   Data   RW          717    .data               usmart_config.o
    0x2000027c   0x00000078   Zero   RW          111    .bss                main.o
    0x200002f4   0x0000000e   Zero   RW          465    .bss                lcd.o
    0x20000302   0x0000000a   Zero   RW          488    .bss                rtc.o
    0x2000030c   0x000000c8   Zero   RW          539    .bss                usart.o
    0x200003d4   0x00000060   Zero   RW          928    .bss                c_w.l(libspace.o)
    0x20000434   0x00000004   PAD
    0x20000438   0x00000200   Zero   RW          572    HEAP                startup_stm32f10x_hd.o
    0x20000638   0x00000400   Zero   RW          571    STACK               startup_stm32f10x_hd.o


==============================================================================

Image component sizes


      Code (inc. data)   RO Data    RW Data    ZI Data      Debug   Object Name

       294          0          0          0          0       2509   24cxx.o
       560         36          0          0          0       1920   adc.o
       644         24          0          0          0       2205   ctiic.o
       212         18          0          4          0       1047   delay.o
       824         38         10          1          0       3015   ft5206.o
      1112         74        194          1          0       3530   gt9147.o
       252         12          0          1          0        840   key.o
     19036        162       6080          4         14      21718   lcd.o
        76          8          0          0          0        507   led.o
       104          6          0          0          0        731   lsens.o
      9896       1380          0        204        120       9334   main.o
       220         22          0          0          0       1825   misc.o
       608         14          0          0          0     278248   myiic.o
       876         56         10          1          0       3167   ott2001a.o
      1144         62         24          2         10       4286   rtc.o
        64         26        304          0       1536        808   startup_stm32f10x_hd.o
      1102         26          0          0          0      10857   stm32f10x_adc.o
       196          8          0          0          0       3484   stm32f10x_bkp.o
      1468         34          0          0          0       8406   stm32f10x_flash.o
      1548         18          0          0          0       5367   stm32f10x_fsmc.o
       860         38          0          0          0       5669   stm32f10x_gpio.o
        26          0          0          0          0       1190   stm32f10x_it.o
       204         14          0          0          0       1931   stm32f10x_pwr.o
       932         36          0         20          0       8848   stm32f10x_rcc.o
       328          4          0          0          0       2678   stm32f10x_rtc.o
      3610         88          0          0          0      22152   stm32f10x_tim.o
      1032         22          0          0          0       8392   stm32f10x_usart.o
         0          0          0          0          0         32   sys.o
       480         38          0         20          0       1775   system_stm32f10x.o
       220         12          0          0          0       1107   timer.o
      4020        222        125         54          0       7365   touch.o
       320         16          0          6        200       3198   usart.o
      3128       1288         40         28          0       4354   usmart.o
         0          0        167        284          0       1664   usmart_config.o
      1320         12          0          0          0       5073   usmart_str.o

    ----------------------------------------------------------------------
     56724       3814       6990        636       1880     439232   Object Totals
         0          0         32          0          0          0   (incl. Generated)
         8          0          4          6          0          0   (incl. Padding)

    ----------------------------------------------------------------------

      Code (inc. data)   RO Data    RW Data    ZI Data      Debug   Library Member Name

        90          0          0          0          0          0   __dczerorl2.o
         8          0          0          0          0         68   __main.o
       392          4         17          0          0         92   __printf_flags_ss_wp.o
        14          0          0          0          0         68   __printf_wp.o
         0          0          0          0          0          0   __rtentry.o
        12          0          0          0          0          0   __rtentry2.o
         6          0          0          0          0          0   __rtentry4.o
        52          8          0          0          0          0   __scatter.o
        28          0          0          0          0          0   __scatter_zi.o
         6          0          0          0          0          0   _printf_c.o
        44          0          0          0          0        108   _printf_char.o
        48          6          0          0          0         96   _printf_char_common.o
        36          4          0          0          0         80   _printf_char_file.o
         6          0          0          0          0          0   _printf_d.o
       120         16          0          0          0         92   _printf_dec.o
        88          4         40          0          0         88   _printf_hex_int.o
       178          0          0          0          0         88   _printf_intcommon.o
        78          0          0          0          0        108   _printf_pad.o
         0          0          0          0          0          0   _printf_percent.o
         4          0          0          0          0          0   _printf_percent_end.o
         6          0          0          0          0          0   _printf_s.o
        82          0          0          0          0         80   _printf_str.o
         6          0          0          0          0          0   _printf_u.o
         6          0          0          0          0          0   _printf_x.o
        22          0          0          0          0        100   _rserrno.o
        12          0          0          0          0         72   exit.o
         8          0          0          0          0         68   ferror.o
         6          0          0          0          0        152   heapauxi.o
         2          0          0          0          0          0   libinit.o
         2          0          0          0          0          0   libinit2.o
         2          0          0          0          0          0   libshutdown.o
         2          0          0          0          0          0   libshutdown2.o
         8          4          0          0         96         68   libspace.o
        24          4          0          0          0         84   noretval__2printf.o
         8          4          0          0          0         68   rt_errno_addr_intlibspace.o
         2          0          0          0          0          0   rtexit.o
        10          0          0          0          0          0   rtexit2.o
       128          0          0          0          0         68   strcmpv7m.o
        74          0          0          0          0         80   sys_stackheap_outer.o
         2          0          0          0          0         68   use_no_semi.o
         2          0          0          0          0         68   use_no_semi_2.o
       826         16          0          0          0        348   daddsub_clz.o
        24          0          0          0          0         68   dcmpi.o
       688        140          0          0          0        208   ddiv.o
        94          4          0          0          0         92   dfix.o
        90          4          0          0          0         92   dfixu.o
        84          0          0          0          0        136   dflt_clz.o
       120          4          0          0          0         92   dleqf.o
       340         12          0          0          0        104   dmul.o
       156          4          0          0          0         92   dnaninf.o
        12          0          0          0          0         68   dretinf.o
       108          0          0          0          0         80   drleqf.o
       460         56          0          0          0        120   dsqrt_noumaal.o
        86          4          0          0          0         84   f2d.o
       430          8          0          0          0        168   faddsub_clz.o
       388         76          0          0          0         96   fdiv.o
        54          4          0          0          0         84   ffix.o
        62          4          0          0          0         84   ffixu.o
        86          0          0          0          0        136   fflt_clz.o
       258          4          0          0          0         84   fmul.o
       140          4          0          0          0         84   fnaninf.o
        10          0          0          0          0         68   fretinf.o
         0          0          0          0          0          0   usenofp.o
        76          0          0          0          0         84   sqrt.o

    ----------------------------------------------------------------------
      6234        398         60          0        100       4336   Library Totals
        18          0          3          0          4          0   (incl. Padding)

    ----------------------------------------------------------------------

      Code (inc. data)   RO Data    RW Data    ZI Data      Debug   Library Name

      1624         54         57          0         96       1864   c_w.l
      4516        344          0          0          0       2388   fz_ws.l
        76          0          0          0          0         84   m_ws.l

    ----------------------------------------------------------------------
      6234        398         60          0        100       4336   Library Totals

    ----------------------------------------------------------------------

==============================================================================


      Code (inc. data)   RO Data    RW Data    ZI Data      Debug   

     62958       4212       7050        636       1980     438052   Grand Totals
     62958       4212       7050        168       1980     438052   ELF Image Totals (compressed)
     62958       4212       7050        168          0          0   ROM Totals

==============================================================================

    Total RO  Size (Code + RO Data)                70008 (  68.37kB)
    Total RW  Size (RW Data + ZI Data)              2616 (   2.55kB)
    Total ROM Size (Code + RO Data + RW Data)      70176 (  68.53kB)

==============================================================================

